---
source: src/integration_tests/canonical_command_specs.rs
expression: "snapshot_tokens(\"plan-feature\")"
---
[
    (
        "INCLUDE",
        [
            (
                "path",
                "core/premises.md",
            ),
        ],
    ),
    (
        "SUBAGENT_LIST",
        [],
    ),
    (
        "VCS_PROVIDER_CMD",
        [],
    ),
    (
        "INCLUDE",
        [
            (
                "path",
                "core/dependency-graph.md",
            ),
        ],
    ),
    (
        "VCS_PROVIDER_CMD",
        [],
    ),
    (
        "VCS_PROVIDER_CMD",
        [],
    ),
]
