---
source: src/tui/snapshot_tests/turboquant_dashboard.rs
expression: terminal.backend()
---
"┌──────────────────────────────────────────────────[ Actual Savings ]──────────────────────────────────────────────────┐"
"│ TurboQuant: ON Sessions: 1 actual, 1 projected                                                                       │"
"│ Tokens saved: 9.8k  USD saved: $0.0463                                                                               │"
"│                                                                                                                      │"
"└──────────────────────────────────────────────────────────────────────────────────────────────────────────────────────┘"
"╔════════════════════════════════════════════════[ Savings Breakdown ]═════════════════════════════════════════════════╗"
"║       ID               Title    Kind     Saved         USD   Ratio                                                   ║"
"║      #10    Compress handoff  ACTUAL      7.5k     $0.0357    4.0x                                                   ║"
"║      #11        Pending work   proj.      2.2k     $0.0105    4.0x                                                   ║"
"║                                                                                                                      ║"
"║                                                                                                                      ║"
"║                                                                                                                      ║"
"║                                                                                                                      ║"
"║                                                                                                                      ║"
"║                                                                                                                      ║"
"║                                                                                                                      ║"
"║                                                                                                                      ║"
"║                                                                                                                      ║"
"║                                                                                                                      ║"
"║                                                                                                                      ║"
"║                                                                                                                      ║"
"║                                                                                                                      ║"
"║                                                                                                                      ║"
"║                                                                                                                      ║"
"║                                                                                                                      ║"
"║                                                                                                                      ║"
"║                                                                                                                      ║"
"║                                                                                                                      ║"
"║                                                                                                                      ║"
"║                                                                                                                      ║"
"║                                                                                                                      ║"
"║                                                                                                                      ║"
"║                                                                                                                      ║"
"║                                                                                                                      ║"
"║                                                                                                                      ║"
"║                                                                                                                      ║"
"║                                                                                                                      ║"
"║                                                                                                                      ║"
"║                                                                                                                      ║"
"╚══════════════════════════════════════════════════════════════════════════════════════════════════════════════════════╝"
