---
source: src/tui/snapshot_tests/interaction.rs
expression: terminal.backend()
---
" agent claude  ·  model opus  ·  #7                                                                                     "
"Working on issue #7                                                                                                     "
"                                                                                                                        "
"No messages yet — type a prompt below to start.                                                                         "
"Try: "Summarize this issue and propose a step-by-step plan."                                                            "
"                                                                                                                        "
"                                                                                                                        "
"                                                                                                                        "
"                                                                                                                        "
"                                                                                                                        "
"                                                                                                                        "
"                                                                                                                        "
"                                                                                                                        "
"                                                                                                                        "
"                                                                                                                        "
"                                                                                                                        "
"                                                                                                                        "
"                                                                                                                        "
"                                                                                                                        "
"                                                                                                                        "
"                                                                                                                        "
"                                                                                                                        "
"                                                                                                                        "
"                                                                                                                        "
"                                                                                                                        "
"                                                                                                                        "
"                                                                                                                        "
"                                                                                                                        "
"                                                                                                                        "
"                                                                                                                        "
"                                                                                                                        "
"                                                                                                                        "
"                                                                                                                        "
"                                                                                                                        "
"[Enter] Send  [Shift+Enter] Newline  [Ctrl+P] /pushup  [Ctrl+L] Clear input  [Ctrl+Q] Quit  [Esc] Back                  "
"╔═════════════════════════════════════════════════════[ Message ]══════════════════════════════════════════════════════╗"
"║Type a prompt to begin…                                                                                               ║"
"║                                                                                                                      ║"
"║                                                                                                                      ║"
"╚══════════════════════════════════════════════════════════════════════════════════════════════════════════════════════╝"
