---
source: src/tui/snapshot_tests/team_wizard.rs
expression: t.backend()
---
"╔═══════════════════[ Step 2/7: Input ]════════════════════╗"
"║                                                          ║"
"╚══════════════════════════════════════════════════════════╝"
"╔════════════════════════[ Input ]═════════════════════════╗"
"║Pre-selected: issue #42 — feat: login                     ║"
"║                                                          ║"
"║Choose input kind                                         ║"
"║ > Issue                                                  ║"
"║   IssueSet                                               ║"
"║   Milestone                                              ║"
"║   IdeaInbox                                              ║"
"║                                                          ║"
"║                                                          ║"
"║                                                          ║"
"║                                                          ║"
"║                                                          ║"
"║                                                          ║"
"╚══════════════════════════════════════════════════════════╝"
"       [↑/↓ j/k] pick   [Enter] continue   [Esc] back       "
"                                                            "
