---
source: src/tui/snapshot_tests/dashboard.rs
expression: terminal.backend()
---
"────────────────────────────────────────────────────────────────────────────────────────────────────────────────────────"
"  owner/repo   main   @carlos  │  Loading...                                                                         "
"────────────────────────────────────────────────────────────────────────────────────────────────────────────────────────"
"╔══════════════════════════════════════════════[ What's New in v0.17.0 ]═══════════════════════════════════════════════╗"
"║  [Added] spike: explore graph visualization of active agents in the ratatui canvas; established the design space a...║"
"║  [Added] feat(settings): `views.agent_graph_enabled` toggle in `maestro.toml` gates the agent-graph view at startu...║"
"║  [Added] feat(tui): productionize agent-graph layout — ConcentricLayout with aspect-ratio normalization and phase ...║"
"║  [Added] feat(tui): agent-graph integrated into the session render dispatcher behind the `views.agent_graph_enable...║"
"╚══════════════════════════════════════════ Press [n] for full release notes ══════════════════════════════════════════╝"
"╔════════[ Quick Actions ]═════════╗╔════════════[ Suggestions ]═════════════╗╔══════════[ Recent Activity ]═══════════╗"
"║  [i]  Browse Issues              ║║  󰝦 3 issues labeled maestro:ready — pre║║  No recent sessions                    ║"
"║  [m]  Browse Milestones          ║║   No sessions running — press [r] to s║║                                        ║"
"║  [M]  Review Milestone           ║║                                        ║║                                        ║"
"║  [r]  Run Prompt                 ║║                                        ║║                                        ║"
"║  [a]  Adapt Project              ║║                                        ║║                                        ║"
"║  [p]  Review PRs                 ║║                                        ║║                                        ║"
"║  [s]  Status                     ║║                                        ║║                                        ║"
"║  [c]  Cost Report                ║║                                        ║║                                        ║"
"║  [t]  Token Report               ║║                                        ║║                                        ║"
"║  [Q]  TurboQuant Savings         ║║                                        ║║                                        ║"
"║  [S]  Settings                   ║║                                        ║║                                        ║"
"║  [u]  Update Maestro             ║║                                        ║║                                        ║"
"║  [q]  Quit                       ║║                                        ║║                                        ║"
"║                                  ║║                                        ║║                                        ║"
"║                                  ║║                                        ║║                                        ║"
"║                                  ║║                                        ║║                                        ║"
"║                                  ║║                                        ║║                                        ║"
"║                                  ║║                                        ║║                                        ║"
"║                                  ║║                                        ║║                                        ║"
"║                                  ║║                                        ║║                                        ║"
"║                                  ║║                                        ║║                                        ║"
"║                                  ║║                                        ║║                                        ║"
"║                                  ║║                                        ║║                                        ║"
"║                                  ║║                                        ║║                                        ║"
"║                                  ║║                                        ║║                                        ║"
"║                                  ║║                                        ║║                                        ║"
"║                                  ║║                                        ║║                                        ║"
"║                                  ║║                                        ║║                                        ║"
"║                                  ║║                                        ║║                                        ║"
"╚══════════════════════════════════╝╚════════════════════════════════════════╝╚════════════════════════════════════════╝"
