---
source: src/tui/snapshot_tests/team_wizard.rs
expression: t.backend()
---
"╔══════════════════════════[ Step 3/8: Issue Number ]══════════════════════════╗"
"║                                                                              ║"
"╚══════════════════════════════════════════════════════════════════════════════╝"
"╔═══════════════════════════════[ Issue Number ]═══════════════════════════════╗"
"║Enter issue number — paste with Ctrl+V or pick from suggestions               ║"
"║                                                                              ║"
"║> 1                                                                           ║"
"║                                                                              ║"
"║Suggestions:                                                                  ║"
"║ > #1                                                                         ║"
"║   #10                                                                        ║"
"║   #12                                                                        ║"
"║   #100                                                                       ║"
"║   #101                                                                       ║"
"║                                                                              ║"
"║[Ctrl+V] paste   [↑/↓] suggest   [Tab] accept   [Enter] continue   [Esc] back ║"
"║                                                                              ║"
"║                                                                              ║"
"║                                                                              ║"
"║                                                                              ║"
"║                                                                              ║"
"╚══════════════════════════════════════════════════════════════════════════════╝"
"[digits] type   [Ctrl+V] paste   [↑/↓] suggest   [Tab] accept   [Enter] continue"
"                                                                                "
