---
source: src/tui/snapshot_tests/landing.rs
expression: terminal.backend()
---
"                                                                                                                        "
"                                                                                                                        "
"                                                                                                                        "
"                                                                                                                        "
"                                                                                                                        "
"                                                                                                                        "
"                                                                                                                        "
"                                       __  __    _    _____ ____ _____ ____   ___                                       "
"                                      |  \/  |  / \  | ____/ ___|_   _|  _ \ / _ \                                      "
"                                     | |\/| | / _ \ |  _| \___ \ | | | |_) | | | |                                      "
"                                     | |  | |/ ___ \| |___ ___) || | |  _ <| |_| |                                      "
"                                      |_|  |_/_/   \_\_____|____/ |_| |_| \_\\___/                                      "
"                                                        v0.26.0                                                         "
"                                                                                                                        "
"                                     [d]  Dashboard           [r]  Roadmap                                              "
"                                     [i]  Create Issue        [h]  Milestone Review                                     "
"                                     [m]  Create Milestone    [t]  Teams                                                "
"                                     [s]  Project Stats       [q]  Quit                                                 "
"                                     [p]  PRD                                                                           "
"                                                                                                                        "
"            ╔══════════════════════════════════[ What's New in v0.26.0 ]═══════════════════════════════════╗            "
"            ║  [Added] feat(ci): add PR failure error review and fix action (#695)                         ║            "
"            ║  [Added] feat(orchestration): CLI subcommands + built-in docs + smoke test (#665)            ║            "
"            ║  [Added] feat(tui): team orchestration wizard — compose / launch / manage (#664)             ║            "
"            ║  [Added] feat(orchestration): L1 subagent dispatch + cost estimate (#663)                    ║            "
"            ╚══════════════════════════════ Press [n] for full release notes ══════════════════════════════╝            "
"                                                                                                                        "
"                                     <q> quit  <n> notes                                                                "
"                                                                                                                        "
"                                                                                                                        "
"                                                                                                                        "
"                                                                                                                        "
"                                                                                                                        "
"                                                                                                                        "
"                                                                                                                        "
"                                                                                                                        "
"                                                                                                                        "
"                                                                                                                        "
"                                                                                                                        "
"                                                                                                                        "
