---
source: src/tui/snapshot_tests/overview.rs
expression: terminal.backend()
---
"┏▸ #10 — Add login flow ━━━━━━━━━━━━━━━━━━━━━━━━━━━━━━━━━━━┓┌ #11 — Another task ──────────────────────────────────────┐"
"┃▶ RUNNING 2m30s                                           ┃│▶ RUNNING 2m30s                                           │"
"┃$0.12  0 files                                            ┃│$0.12  0 files                                            │"
"┃████████████████████                                      ┃│████████████████████                                      │"
"┃████████████████████     ctx: 35%                         ┃│████████████████████     ctx: 35%                         │"
"┃> _ Writing tests                                         ┃│> _ Writing tests                                         │"
"┃Analyzing codebase...                                     ┃│Analyzing codebase...                                     │"
"┃                                                          ┃│                                                          │"
"┃                                                          ┃│                                                          │"
"┃                                                          ┃│                                                          │"
"┃                                                          ┃│                                                          │"
"┃                                                          ┃│                                                          │"
"┃                                                          ┃│                                                          │"
"┃                                                          ┃│                                                          │"
"┃                                                          ┃│                                                          │"
"┃                                                          ┃│                                                          │"
"┃                                                          ┃│                                                          │"
"┃                                                          ┃│                                                          │"
"┃                                                          ┃│                                                          │"
"┃                                                          ┃│                                                          │"
"┃                                                          ┃│                                                          │"
"┃                                                          ┃│                                                          │"
"┃                                                          ┃│                                                          │"
"┃                                                          ┃│                                                          │"
"┃                                                          ┃│                                                          │"
"┃                                                          ┃│                                                          │"
"┃                                                          ┃│                                                          │"
"┃                                                          ┃│                                                          │"
"┃                                                          ┃│                                                          │"
"┃                                                          ┃│                                                          │"
"┃                                                          ┃│                                                          │"
"┃                                                          ┃│                                                          │"
"┃                                                          ┃│                                                          │"
"┃                                                          ┃│                                                          │"
"┃                                                          ┃│                                                          │"
"┃                                                          ┃│                                                          │"
"┃                                                          ┃│                                                          │"
"┃                                                          ┃│                                                          │"
"┃                                                          ┃│                                                          │"
"┗━━━━━━━━━━━━━━━━━━━━━━━━━━━━━━━━━━━━━━━━━━━━━━━━━━━━━━━━━━┛└──────────────────────────────────────────────────────────┘"
