---
source: src/tui/snapshot_tests/token_dashboard_provider_rollup.rs
expression: terminal.backend()
---
"╔════════════════════════════════════════════════[ Per-Provider Usage ]════════════════════════════════════════════════╗"
"║ Provider        Cost                   Context                     Quota                                             ║"
"║ claude         $0.12         ctx 8,000/200,000                         -                                             ║"
"╚══════════════════════════════════════════════════════════════════════════════════════════════════════════════════════╝"
"╔══════════════════════════════════════════════[ Aggregate Token Usage ]═══════════════════════════════════════════════╗"
"║ Input: 6.0k  Output: 0  Cache R: 2.0k  Cache W: 0                                                                    ║"
"║ Total: 8.0k  Cache Hit: 25.0%  Sessions: 1                                                                           ║"
"║                                                                                                                      ║"
"╚══════════════════════════════════════════════════════════════════════════════════════════════════════════════════════╝"
"╔═══════════════════════════════════════════[ Per-Session Token Breakdown ]════════════════════════════════════════════╗"
"║       ID               Title     Input    Output   Cache R   Cache W    $/kT                                         ║"
"║       #1      Add login flow      6.0k         0      2.0k         0  $0.015                                         ║"
"║                                                                                                                      ║"
"║                                                                                                                      ║"
"║                                                                                                                      ║"
"║                                                                                                                      ║"
"║                                                                                                                      ║"
"║                                                                                                                      ║"
"║                                                                                                                      ║"
"║                                                                                                                      ║"
"║                                                                                                                      ║"
"║                                                                                                                      ║"
"║                                                                                                                      ║"
"║                                                                                                                      ║"
"║                                                                                                                      ║"
"║                                                                                                                      ║"
"║                                                                                                                      ║"
"║                                                                                                                      ║"
"║                                                                                                                      ║"
"║                                                                                                                      ║"
"║                                                                                                                      ║"
"║                                                                                                                      ║"
"║                                                                                                                      ║"
"║                                                                                                                      ║"
"║                                                                                                                      ║"
"║                                                                                                                      ║"
"║                                                                                                                      ║"
"║                                                                                                                      ║"
"║                                                                                                                      ║"
"╚══════════════════════════════════════════════════════════════════════════════════════════════════════════════════════╝"
