---
source: src/tui/snapshot_tests/issue_wizard.rs
expression: terminal.backend()
---
"╔══════════════════════════════════════════════[ Step 2/10: Type Select ]══════════════════════════════════════════════╗"
"║                                                                                                                      ║"
"╚══════════════════════════════════════════════════════════════════════════════════════════════════════════════════════╝"
"                                                                                                                        "
"                                                                                                                        "
"                                                                                                                        "
"                                                                                                                        "
"                                                                                                                        "
"                                                                                                                        "
"                                                                                                                        "
"                                                                                                                        "
"                                                                                                                        "
"                                                                                                                        "
"                                                                                                                        "
"                                                                                                                        "
"                                                                                                                        "
"                                                                                                                        "
"                              ╔════════[ Feature ]═════════╗╔══════════[ Bug ]═══════════╗                              "
"                              ║                            ║║                            ║                              "
"                              ║           Feature          ║║             Bug            ║                              "
"                              ║                            ║║                            ║                              "
"                              ║                            ║║                            ║                              "
"                              ║                            ║║                            ║                              "
"                              ╚════════════════════════════╝╚════════════════════════════╝                              "
"                                                                                                                        "
"                                                                                                                        "
"                                                                                                                        "
"                                                                                                                        "
"                                                                                                                        "
"                                                                                                                        "
"                                                                                                                        "
"                                                                                                                        "
"                                                                                                                        "
"                                                                                                                        "
"                                                                                                                        "
"                                                                                                                        "
"                                                                                                                        "
"                                                                                                                        "
"                               [←/→ h/l] choose Feature or Bug   [Enter] next   [Esc] back                              "
"                                                                                                                        "
