---
source: src/tui/snapshot_tests/milestone.rs
expression: terminal.backend()
---
"╔════════════════════════════════════════════════════[ Milestones ]════════════════════════════════════════════════════╗"
"║ v1.0                                                                                                                ║"
"║  [▓▓▓▓▓▓▓▓▓▓▓▓▓▓▓▓▓▓▓▓▓▓▓▓▓▓▓▓▓▓▓▓▓▓▓▓▓▓▓▓▓▓▓▓▓▓▓░░░░░░░░░░░░░░░░░░░░░░░░░░░░░░░░░░░░░░░░░░░░░░░] 1/2 issues (50%)   ║"
"║   1   1                                                                                                            ║"
"║                                                                                                                      ║"
"║                                                                                                                      ║"
"║                                                                                                                      ║"
"║                                                                                                                      ║"
"║                                                                                                                      ║"
"║                                                                                                                      ║"
"║                                                                                                                      ║"
"║                                                                                                                      ║"
"║                                                                                                                      ║"
"║                                                                                                                      ║"
"║                                                                                                                      ║"
"║                                                                                                                      ║"
"║                                                                                                                      ║"
"║                                                                                                                      ║"
"║                                                                                                                      ║"
"║                                                                                                                      ║"
"║                                                                                                                      ║"
"║                                                                                                                      ║"
"║                                                                                                                      ║"
"║                                                                                                                      ║"
"║                                                                                                                      ║"
"║                                                                                                                      ║"
"║                                                                                                                      ║"
"║                                                                                                                      ║"
"║                                                                                                                      ║"
"║                                                                                                                      ║"
"╚══════════════════════════════════════════════════════════════════════════════════════════════════════════════════════╝"
"╔══════════════════════════════════════════════════════[ Issues ]══════════════════════════════════════════════════════╗"
"║   #10 Implement feature A                                                                                           ║"
"║   #11 Fix bug B                                                                                                     ║"
"║                                                                                                                      ║"
"║                                                                                                                      ║"
"║                                                                                                                      ║"
"║                                                                                                                      ║"
"╚══════════════════════════════════════════════════════════════════════════════════════════════════════════════════════╝"
"[Enter] View Issues  [r] Run All Open  [Esc] Back                                                                       "
