---
source: src/tui/snapshot_tests/issue_browser.rs
expression: terminal.backend()
---
"╔═══════════════════════════════════════════════[ Issues — Filter: Add ]═══════════════════════════════════════════════╗"
"║  #1     Add login flow                                                                                              ║"
"║   #2     Fix database crash                                                                                          ║"
"║   #3     Add logout endpoint                                                                                         ║"
"║                                                                                                                      ║"
"║                                                                                                                      ║"
"║                                                                                                                      ║"
"║                                                                                                                      ║"
"║                                                                                                                      ║"
"║                                                                                                                      ║"
"║                                                                                                                      ║"
"║                                                                                                                      ║"
"║                                                                                                                      ║"
"║                                                                                                                      ║"
"║                                                                                                                      ║"
"║                                                                                                                      ║"
"║                                                                                                                      ║"
"║                                                                                                                      ║"
"║                                                                                                                      ║"
"╚══════════════════════════════════════════════════════════════════════════════════════════════════════════════════════╝"
"╔═════════════════════════════════════════════════════[ Preview ]══════════════════════════════════════════════════════╗"
"║Title: Add login flow                                                                                                 ║"
"║State: open  |  Labels: maestro:ready                                                                                 ║"
"║────────────────────────────────────────────────────────────────────────────────────────────────────────────────────  ║"
"║                                                                                                                      ║"
"║                                                                                                                      ║"
"║                                                                                                                      ║"
"║                                                                                                                      ║"
"║                                                                                                                      ║"
"║                                                                                                                      ║"
"║                                                                                                                      ║"
"║                                                                                                                      ║"
"║                                                                                                                      ║"
"║                                                                                                                      ║"
"║                                                                                                                      ║"
"║                                                                                                                      ║"
"║                                                                                                                      ║"
"║                                                                                                                      ║"
"╚══════════════════════════════════════════════════════════════════════════════════════════════════════════════════════╝"
"[Tab] Switch pane  [Enter] Run  [Space] Select  [/] Filter  [Esc] Back                                                  "
