---
source: src/tui/snapshot_tests/landing.rs
expression: terminal.backend()
---
"                                                                                "
"          ███╗   ███╗ █████╗ ███████╗███████╗████████╗██████╗  ██████╗          "
"         ████╗ ████║██╔══██╗██╔════╝██╔════╝╚══██╔══╝██╔══██╗██╔═══██╗          "
"         ██╔████╔██║███████║█████╗  ███████╗   ██║   ██████╔╝██║   ██║          "
"         ██║╚██╔╝██║██╔══██║██╔══╝  ╚════██║   ██║   ██╔══██╗██║   ██║          "
"         ██║ ╚═╝ ██║██║  ██║███████╗███████║   ██║   ██║  ██║╚██████╔╝          "
"          ╚═╝     ╚═╝╚═╝  ╚═╝╚══════╝╚══════╝   ╚═╝   ╚═╝  ╚═╝ ╚═════╝          "
"                                    v0.31.2                                     "
"                                                                                "
"                 [d]  Dashboard           [r]  Roadmap                          "
"                 [i]  Create Issue        [h]  Milestone Review                 "
"                 [m]  Create Milestone    [t]  Teams                            "
"                 [s]  Project Stats       [q]  Quit                             "
"                 [p]  PRD                                                       "
"                                                                                "
"  ╔════════════════════════[ What's New in v0.31.2 ]═════════════════════════╗  "
"  ║  [Fixed] **PRD `[R]` reset** now requires a second `R` to confirm before…║  "
"  ║  [Fixed] **Kill-session confirm** no longer treats `Enter` as "kill" — o…║  "
"  ║  [Fixed] **Adapt follow-up** number keys `1-9` now only move the selecti…║  "
"  ║  [Fixed] **Adapt wizard cache-clear** (`x`/`Del`) now requires a second …║  "
"  ╚════════════════════ Press [n] for full release notes ════════════════════╝  "
"                                                                                "
"                 <q> quit  <n> notes                                            "
"                                                                                "
