---
source: src/tui/snapshot_tests/landing.rs
expression: terminal.backend()
---
"                                                                                                                        "
"                                                                                                                        "
"                                                                                                                        "
"                                                                                                                        "
"                                                                                                                        "
"                                                                                                                        "
"                              ███╗   ███╗ █████╗ ███████╗███████╗████████╗██████╗  ██████╗                              "
"                             ████╗ ████║██╔══██╗██╔════╝██╔════╝╚══██╔══╝██╔══██╗██╔═══██╗                              "
"                             ██╔████╔██║███████║█████╗  ███████╗   ██║   ██████╔╝██║   ██║                              "
"                             ██║╚██╔╝██║██╔══██║██╔══╝  ╚════██║   ██║   ██╔══██╗██║   ██║                              "
"                             ██║ ╚═╝ ██║██║  ██║███████╗███████║   ██║   ██║  ██║╚██████╔╝                              "
"                              ╚═╝     ╚═╝╚═╝  ╚═╝╚══════╝╚══════╝   ╚═╝   ╚═╝  ╚═╝ ╚═════╝                              "
"                                                        v0.31.3                                                         "
"                                                                                                                        "
"                                     [d]  Dashboard           [r]  Roadmap                                              "
"                                     [i]  Create Issue        [h]  Milestone Review                                     "
"                                     [m]  Create Milestone    [t]  Teams                                                "
"                                     [s]  Project Stats       [q]  Quit                                                 "
"                                     [p]  PRD                                                                           "
"                                                                                                                        "
"            ╔══════════════════════════════════[ What's New in v0.31.3 ]═══════════════════════════════════╗            "
"            ║  [Fixed] **PRD `[d]` delete** of a goal/non-goal now requires a second `d` to confirm; the f…║            "
"            ║  [Fixed] **PromptInput image path** is now rejected with an inline error if no file exists a…║            "
"            ║  [Fixed] **PR-review submit** now requires a confirming second `Enter` for `Approve` and `Re…║            "
"            ║                                                                                              ║            "
"            ╚══════════════════════════════ Press [n] for full release notes ══════════════════════════════╝            "
"                                                                                                                        "
"                                     <q> quit  <n> notes                                                                "
"                                                                                                                        "
"                                                                                                                        "
"                                                                                                                        "
"                                                                                                                        "
"                                                                                                                        "
"                                                                                                                        "
"                                                                                                                        "
"                                                                                                                        "
"                                                                                                                        "
"                                                                                                                        "
"                                                                                                                        "
"                                                                                                                        "
