---
source: src/tui/snapshot_tests/detail.rs
expression: terminal.backend()
---
"╔══════════════════════════════════════════════════[ Session Detail ]══════════════════════════════════════════════════╗"
"║ #42  Add login flow                                                                                                  ║"
"║ RUNNING   Phase: IMPLEMENTING  $0.12  2 tools  2m30s  Retries: 0                                                     ║"
"║                                                                                                                      ║"
"╚══════════════════════════════════════════════════════════════════════════════════════════════════════════════════════╝"
"╔═══════════════════════════════════════════════════[ Activity Log ]═══════════════════════════════════════════════════╗"
"║                                                                                                                      ║"
"║                                                                                                                      ║"
"║                                                                                                                      ║"
"║                                                                                                                      ║"
"║                                                                                                                      ║"
"║                                                                                                                      ║"
"║                                                                                                                      ║"
"║                                                                                                                      ║"
"║                                                                                                                      ║"
"║                                                                                                                      ║"
"║                                                                                                                      ║"
"║                                                                                                                      ║"
"║                                                                                                                      ║"
"║                                                                                                                      ║"
"║                                                                                                                      ║"
"║                                                                                                                      ║"
"║                                                                                                                      ║"
"║                                                                                                                      ║"
"║                                                                                                                      ║"
"║                                                                                                                      ║"
"║                                                                                                                      ║"
"║                                                                                                                      ║"
"║                                                                                                                      ║"
"║                                                                                                                      ║"
"║                                                                                                                      ║"
"║                                                                                                                      ║"
"║                                                                                                                      ║"
"║                                                                                                                      ║"
"╚══════════════════════════════════════════════════════════════════════════════════════════════════════════════════════╝"
"╔════════════════════════════════════════════════════[ Files (0) ]═════════════════════════════════════════════════════╗"
"║No files touched yet                                                                                                  ║"
"║                                                                                                                      ║"
"║                                                                                                                      ║"
"╚══════════════════════════════════════════════════════════════════════════════════════════════════════════════════════╝"
