---
source: src/tui/snapshot_tests/agent_graph_dispatcher.rs
expression: t.backend()
---
"╔══════════════════════════════════════════════════════════════════════════════════════════════════════════════════════╗"
"║ MAESTRO v0.17.1  ══ Agent Graph ══ 󰙍 2 agents (0 active) ══ $0.00 spent ══  00:00:00 ══ RAM: 22MB ══ TQ:OFF         ║"
"╚══════════════════════════════════════════════════════════════════════════════════════════════════════════════════════╝"
"╔═════════════════════════[ #101 ]═════════════════════════╗╔═════════════════════════[ #102 ]═════════════════════════╗"
"║ RUNNING 2m30s  $0.00                                    ║║ RUNNING 2m30s  $0.00                                    ║"
"║ctx: [░░░░░░░░░░] 0%                                      ║║ctx: [░░░░░░░░░░] 0%                                      ║"
"║tok: ---                                                  ║║tok: ---                                                  ║"
"║1 files (+1)                                              ║║1 files (+1)                                              ║"
"║> -                                                       ║║> -                                                       ║"
"║Waiting for output...                                     ║║Waiting for output...                                     ║"
"║                                                          ║║                                                          ║"
"║                                                          ║║                                                          ║"
"║                                                          ║║                                                          ║"
"║                                                          ║║                                                          ║"
"║                                                          ║║                                                          ║"
"║                                                          ║║                                                          ║"
"║                                                          ║║                                                          ║"
"║                                                          ║║                                                          ║"
"║                                                          ║║                                                          ║"
"║                                                          ║║                                                          ║"
"║                                                          ║║                                                          ║"
"║                                                          ║║                                                          ║"
"║                                                          ║║                                                          ║"
"║                                                          ║║                                                          ║"
"║                                                          ║║                                                          ║"
"║                                                          ║║                                                          ║"
"║                                                          ║║                                                          ║"
"║                                                          ║║                                                          ║"
"║                                                          ║║                                                          ║"
"║                                                          ║║                                                          ║"
"║                                                          ║║                                                          ║"
"║                                                          ║║                                                          ║"
"║                                                          ║║                                                          ║"
"║                                                          ║║                                                          ║"
"║                                                          ║║                                                          ║"
"║                                                          ║║                                                          ║"
"║                                                          ║║                                                          ║"
"║                                                          ║║                                                          ║"
"╚══════════════════════════════════════════════════════════╝╚══════════════════════════════════════════════════════════╝"
"F1 Help F4 Costs F5 Tokens F6 Deps ^X Exit                                                                              "
