---
source: src/tui/snapshot_tests/interaction.rs
expression: terminal.backend()
---
" agent agent  ·  model default  ·  #42                                                                                  "
"No messages yet — type below to talk to the agent.                                                                      "
"                                                                                                                        "
"                                                                                                                        "
"                                                                                                                        "
"                                                                                                                        "
"                                                                                                                        "
"                                                                                                                        "
"                                                                                                                        "
"                                                                                                                        "
"                                                                                                                        "
"                                                                                                                        "
"                                                                                                                        "
"                                                                                                                        "
"                                                                                                                        "
"                                                                                                                        "
"                                                                                                                        "
"                                                                                                                        "
"              ╔═══════════════════════════════════════[ Confirm ]═══════════════════════════════════════╗               "
"              ║  Quit interaction? Worktree at /tmp/maestro/issue-42 kept for manual inspection. [y/N]  ║               "
"              ╚═════════════════════════════════════════════════════════════════════════════════════════╝               "
"                                                                                                                        "
"                                                                                                                        "
"                                                                                                                        "
"                                                                                                                        "
"                                                                                                                        "
"                                                                                                                        "
"                                                                                                                        "
"                                                                                                                        "
"                                                                                                                        "
"                                                                                                                        "
"                                                                                                                        "
"                                                                                                                        "
"                                                                                                                        "
"[Enter] Send  [Shift+Enter] Newline  [Ctrl+P] /pushup  [Ctrl+L] Clear  [Ctrl+Q] Quit  [Esc] Back                        "
"╔═════════════════════════════════════════════════════[ Message ]══════════════════════════════════════════════════════╗"
"║Type a prompt to begin…                                                                                               ║"
"║                                                                                                                      ║"
"║                                                                                                                      ║"
"╚══════════════════════════════════════════════════════════════════════════════════════════════════════════════════════╝"
