---
source: src/tui/snapshot_tests/issue_wizard.rs
expression: terminal.backend()
---
"╔═══════════════════════════════════════════════[ Step 6/10: AI Review ]═══════════════════════════════════════════════╗"
"║                                                                                                                      ║"
"╚══════════════════════════════════════════════════════════════════════════════════════════════════════════════════════╝"
"╔══════════════════════════════════════════════[ AI Review - Improving ]═══════════════════════════════════════════════╗"
"║                                                                                                                      ║"
"║                                 ⠸ AI is rewriting your issue using its own feedback…                                 ║"
"║                                                                                                                      ║"
"║                                                                                                                      ║"
"║                                                                                                                      ║"
"║                                                                                                                      ║"
"║                                                                                                                      ║"
"║                                                                                                                      ║"
"║                                                                                                                      ║"
"║                                                                                                                      ║"
"║                                                                                                                      ║"
"║                                                                                                                      ║"
"║                                                                                                                      ║"
"║                                                                                                                      ║"
"║                                                                                                                      ║"
"║                                                                                                                      ║"
"║                                                                                                                      ║"
"║                                                                                                                      ║"
"║                                                                                                                      ║"
"║                                                                                                                      ║"
"║                                                                                                                      ║"
"║                                                                                                                      ║"
"║                                                                                                                      ║"
"║                                                                                                                      ║"
"║                                                                                                                      ║"
"║                                                                                                                      ║"
"║                                                                                                                      ║"
"║                                                                                                                      ║"
"║                                                                                                                      ║"
"║                                                                                                                      ║"
"║                                                                                                                      ║"
"║                                                                                                                      ║"
"║                                                                                                                      ║"
"╚══════════════════════════════════════════════════════════════════════════════════════════════════════════════════════╝"
"                             [r] revise   [s] skip   [i] improve   [Enter] next   [Esc] back                            "
"                                                                                                                        "
