---
source: src/tui/snapshot_tests/landing.rs
expression: terminal.backend()
---
"                                                                                                                        "
"                                                                                                                        "
"                                                                                                                        "
"                                                                                                                        "
"                                                                                                                        "
"                                                                                                                        "
"                                                                                                                        "
"                                       __  __    _    _____ ____ _____ ____   ___                                       "
"                                      |  \/  |  / \  | ____/ ___|_   _|  _ \ / _ \                                      "
"                                     | |\/| | / _ \ |  _| \___ \ | | | |_) | | | |                                      "
"                                     | |  | |/ ___ \| |___ ___) || | |  _ <| |_| |                                      "
"                                      |_|  |_/_/   \_\_____|____/ |_| |_| \_\\___/                                      "
"                                                        v0.25.0                                                         "
"                                                                                                                        "
"                                     [d]  Dashboard           [p]  PRD                                                  "
"                                     [i]  Create Issue        [r]  Roadmap                                              "
"                                     [m]  Create Milestone    [h]  Milestone Review                                     "
"                                     [s]  Project Stats       [q]  Quit                                                 "
"                                                                                                                        "
"            ╔══════════════════════════════════[ What's New in v0.25.0 ]═══════════════════════════════════╗            "
"            ║  [Added] feat: extract OpenAiCompatibleSseParser at Level 1 (#652)                           ║            "
"            ║  [Added] spike: OpenCode `--format json` schema research (#651)                              ║            "
"            ║  [Added] spike: Qwen Code CLI output format (#650)                                           ║            "
"            ║  [Added] feat(agent): add OpenCodeProvider for 75+ AI backend sessions (#617)                ║            "
"            ╚══════════════════════════════ Press [n] for full release notes ══════════════════════════════╝            "
"                                                                                                                        "
"                                     <q> quit  <n> notes                                                                "
"                                                                                                                        "
"                                                                                                                        "
"                                                                                                                        "
"                                                                                                                        "
"                                                                                                                        "
"                                                                                                                        "
"                                                                                                                        "
"                                                                                                                        "
"                                                                                                                        "
"                                                                                                                        "
"                                                                                                                        "
"                                                                                                                        "
"                                                                                                                        "
