---
source: src/tui/snapshot_tests/landing.rs
expression: terminal.backend()
---
"                                                                                "
"          ███╗   ███╗ █████╗ ███████╗███████╗████████╗██████╗  ██████╗          "
"         ████╗ ████║██╔══██╗██╔════╝██╔════╝╚══██╔══╝██╔══██╗██╔═══██╗          "
"         ██╔████╔██║███████║█████╗  ███████╗   ██║   ██████╔╝██║   ██║          "
"         ██║╚██╔╝██║██╔══██║██╔══╝  ╚════██║   ██║   ██╔══██╗██║   ██║          "
"         ██║ ╚═╝ ██║██║  ██║███████╗███████║   ██║   ██║  ██║╚██████╔╝          "
"          ╚═╝     ╚═╝╚═╝  ╚═╝╚══════╝╚══════╝   ╚═╝   ╚═╝  ╚═╝ ╚═════╝          "
"                                    v0.26.0                                     "
"                                                                                "
"                 [d]  Dashboard           [r]  Roadmap                          "
"                 [i]  Create Issue        [h]  Milestone Review                 "
"                 [m]  Create Milestone    [t]  Teams                            "
"                 [s]  Project Stats       [q]  Quit                             "
"                 [p]  PRD                                                       "
"                                                                                "
"  ╔════════════════════════[ What's New in v0.26.0 ]═════════════════════════╗  "
"  ║  [Added] feat(ci): add PR failure error review and fix action (#695)     ║  "
"  ║  [Added] feat(orchestration): CLI subcommands + built-in docs + smoke te…║  "
"  ║  [Added] feat(tui): team orchestration wizard — compose / launch / manag…║  "
"  ║  [Added] feat(orchestration): L1 subagent dispatch + cost estimate (#663)║  "
"  ╚════════════════════ Press [n] for full release notes ════════════════════╝  "
"                                                                                "
"                 <q> quit  <n> notes                                            "
"                                                                                "
