---
source: src/tui/snapshot_tests/interaction.rs
expression: terminal.backend()
---
" agent agent  ·  model default  ·  #42                                                                                  "
"╭─ you · 09:00 ────────────────────────────────────────────────────────────────────────────────────────────────────────╮"
"│ implement login                                                                                                      │"
"╰──────────────────────────────────────────────────────────────────────────────────────────────────────────────────────╯"
"                                                                                                                        "
"╭─ agent · 09:00 … ────────────────────────────────────────────────────────────────────────────────────────────────────╮"
"│ Working on it                                                                                                        │"
"                                                                                                                        "
"                                                                                                                        "
"                                                                                                                        "
"                                                                                                                        "
"                                                                                                                        "
"                                                                                                                        "
"                                                                                                                        "
"                                                                                                                        "
"                                                                                                                        "
"                                                                                                                        "
"                                                                                                                        "
"                                                                                                                        "
"                                                                                                                        "
"                                                                                                                        "
"                                                                                                                        "
"                                                                                                                        "
"                                                                                                                        "
"                                                                                                                        "
"                                                                                                                        "
"                                                                                                                        "
"                                                                                                                        "
"                                                                                                                        "
"                                                                                                                        "
"                                                                                                                        "
"                                                                                                                        "
"                                                                                                                        "
"                                                                                                                        "
"[Enter] Send  [Shift+Enter] Newline  [Ctrl+P] /pushup (off)  [Ctrl+L] Clear input  [Ctrl+Q] Quit  [Esc] Back            "
"╔══════════════════════════════════════════[ Message (⠋ agent responding…) ]═══════════════════════════════════════════╗"
"║⠋ Agent is responding — input locked…                                                                                 ║"
"║                                                                                                                      ║"
"║                                                                                                                      ║"
"╚══════════════════════════════════════════════════════════════════════════════════════════════════════════════════════╝"
