---
source: src/tui/snapshot_tests/settings_sessions_parity.rs
expression: "format!(\"{buf:?}\")"
---
Buffer {
    area: Rect { x: 0, y: 0, width: 80, height: 24 },
    content: [
        "max_concurrent: < 3 >                                                           ",
        "stall_timeout_secs: < 1800 >                                                    ",
        "default_mode: orchestrator                                                      ",
        "○ bypass_review_corrections (DANGER: auto-accepts all review fixes)             ",
        "max_retries: < 3 >                                                              ",
        "retry_cooldown_secs: < 60 >                                                     ",
        "hollow_retry.policy:  intent-aware                                            ",
        "hollow_retry.work_max_retries: < 2 >                                            ",
        "hollow_retry.consultation_max_retries: < 0 >                                    ",
        "context_overflow.overflow_threshold_pct: < 70 >                                 ",
        "✓ context_overflow.auto_fork                                                    ",
        "context_overflow.commit_prompt_pct: < 50 >                                      ",
        "context_overflow.max_fork_depth: < 5 >                                          ",
        "✓ conflict.enabled                                                              ",
        "conflict.policy:  warn                                                        ",
        "✓ completion_gates.enabled                                                      ",
        "No rows yet.                                                                    ",
        "                                                                                ",
        "                                                                                ",
        "                                                                                ",
        "                                                                                ",
        "                                                                                ",
        "                                                                                ",
        "                                                                                ",
    ],
    styles: [
        x: 0, y: 0, fg: Black, bg: Cyan, underline: Reset, modifier: BOLD | REVERSED,
        x: 21, y: 0, fg: Reset, bg: Reset, underline: Reset, modifier: NONE,
        x: 0, y: 1, fg: White, bg: Reset, underline: Reset, modifier: NONE,
        x: 20, y: 1, fg: DarkGray, bg: Reset, underline: Reset, modifier: NONE,
        x: 28, y: 1, fg: Reset, bg: Reset, underline: Reset, modifier: NONE,
        x: 0, y: 2, fg: White, bg: Reset, underline: Reset, modifier: NONE,
        x: 14, y: 2, fg: DarkGray, bg: Reset, underline: Reset, modifier: NONE,
        x: 26, y: 2, fg: Reset, bg: Reset, underline: Reset, modifier: NONE,
        x: 0, y: 3, fg: DarkGray, bg: Reset, underline: Reset, modifier: NONE,
        x: 2, y: 3, fg: White, bg: Reset, underline: Reset, modifier: NONE,
        x: 67, y: 3, fg: Reset, bg: Reset, underline: Reset, modifier: NONE,
        x: 0, y: 4, fg: White, bg: Reset, underline: Reset, modifier: NONE,
        x: 13, y: 4, fg: DarkGray, bg: Reset, underline: Reset, modifier: NONE,
        x: 18, y: 4, fg: Reset, bg: Reset, underline: Reset, modifier: NONE,
        x: 0, y: 5, fg: White, bg: Reset, underline: Reset, modifier: NONE,
        x: 21, y: 5, fg: DarkGray, bg: Reset, underline: Reset, modifier: NONE,
        x: 27, y: 5, fg: Reset, bg: Reset, underline: Reset, modifier: NONE,
        x: 0, y: 6, fg: White, bg: Reset, underline: Reset, modifier: NONE,
        x: 21, y: 6, fg: DarkGray, bg: Reset, underline: Reset, modifier: NONE,
        x: 37, y: 6, fg: Reset, bg: Reset, underline: Reset, modifier: NONE,
        x: 0, y: 7, fg: White, bg: Reset, underline: Reset, modifier: NONE,
        x: 31, y: 7, fg: DarkGray, bg: Reset, underline: Reset, modifier: NONE,
        x: 36, y: 7, fg: Reset, bg: Reset, underline: Reset, modifier: NONE,
        x: 0, y: 8, fg: White, bg: Reset, underline: Reset, modifier: NONE,
        x: 39, y: 8, fg: DarkGray, bg: Reset, underline: Reset, modifier: NONE,
        x: 44, y: 8, fg: Reset, bg: Reset, underline: Reset, modifier: NONE,
        x: 0, y: 9, fg: White, bg: Reset, underline: Reset, modifier: NONE,
        x: 41, y: 9, fg: DarkGray, bg: Reset, underline: Reset, modifier: NONE,
        x: 47, y: 9, fg: Reset, bg: Reset, underline: Reset, modifier: NONE,
        x: 0, y: 10, fg: Green, bg: Reset, underline: Reset, modifier: NONE,
        x: 2, y: 10, fg: White, bg: Reset, underline: Reset, modifier: NONE,
        x: 28, y: 10, fg: Reset, bg: Reset, underline: Reset, modifier: NONE,
        x: 0, y: 11, fg: White, bg: Reset, underline: Reset, modifier: NONE,
        x: 36, y: 11, fg: DarkGray, bg: Reset, underline: Reset, modifier: NONE,
        x: 42, y: 11, fg: Reset, bg: Reset, underline: Reset, modifier: NONE,
        x: 0, y: 12, fg: White, bg: Reset, underline: Reset, modifier: NONE,
        x: 33, y: 12, fg: DarkGray, bg: Reset, underline: Reset, modifier: NONE,
        x: 38, y: 12, fg: Reset, bg: Reset, underline: Reset, modifier: NONE,
        x: 0, y: 13, fg: Green, bg: Reset, underline: Reset, modifier: NONE,
        x: 2, y: 13, fg: White, bg: Reset, underline: Reset, modifier: NONE,
        x: 18, y: 13, fg: Reset, bg: Reset, underline: Reset, modifier: NONE,
        x: 0, y: 14, fg: White, bg: Reset, underline: Reset, modifier: NONE,
        x: 17, y: 14, fg: DarkGray, bg: Reset, underline: Reset, modifier: NONE,
        x: 25, y: 14, fg: Reset, bg: Reset, underline: Reset, modifier: NONE,
        x: 0, y: 15, fg: Green, bg: Reset, underline: Reset, modifier: NONE,
        x: 2, y: 15, fg: White, bg: Reset, underline: Reset, modifier: NONE,
        x: 26, y: 15, fg: Reset, bg: Reset, underline: Reset, modifier: NONE,
        x: 0, y: 16, fg: DarkGray, bg: Reset, underline: Reset, modifier: BOLD,
        x: 12, y: 16, fg: Reset, bg: Reset, underline: Reset, modifier: NONE,
    ]
}
