---
source: src/tui/snapshot_tests/landing.rs
expression: terminal.backend()
---
"                                                            ███╗   ███╗ █████╗ ███████╗███████╗████████╗██████╗  ██████╗                                                            "
"                                                           ████╗ ████║██╔══██╗██╔════╝██╔════╝╚══██╔══╝██╔══██╗██╔═══██╗                                                            "
"                                                           ██╔████╔██║███████║█████╗  ███████╗   ██║   ██████╔╝██║   ██║                                                            "
"                                                           ██║╚██╔╝██║██╔══██║██╔══╝  ╚════██║   ██║   ██╔══██╗██║   ██║                                                            "
"                                                           ██║ ╚═╝ ██║██║  ██║███████╗███████║   ██║   ██║  ██║╚██████╔╝                                                            "
"                                                            ╚═╝     ╚═╝╚═╝  ╚═╝╚══════╝╚══════╝   ╚═╝   ╚═╝  ╚═╝ ╚═════╝                                                            "
"                                                                                      v0.31.1                                                                                       "
"                                                                                                                                                                                    "
"                                                                   [d]  Dashboard           [r]  Roadmap                                                                            "
"                                                                   [i]  Create Issue        [h]  Milestone Review                                                                   "
"                                                                   [m]  Create Milestone    [t]  Teams                                                                              "
"                                                                   [s]  Project Stats       [q]  Quit                                                                               "
"                                                                   [p]  PRD                                                                                                         "
"                                                                                                                                                                                    "
"╔═══════════════════════════════════════════════════════════════════════════[ Release Console v0.31.1 ]════════════════════════════════════════════════════════════════════════════╗"
"║ changes 1   refs 0   categories 1   date 2026-08-11                                                                                                                              ║"
"║                                                                                                                                                                                  ║"
"║┌Internet───────────────────────────────────────────────────────────────────────────────────────────────────────────────┐┌Link───────────────────────────────────────────────────┐║"
"║│                                                                                                                       ││state standby                                          │║"
"║│                                                                                                                       ││press [w] measure                                      │║"
"║│                                                                                                                       ││mode  manual                                           │║"
"║│⣀⣀⣀⣀⣀⣀⣀⣀⣀⣀⣀⣀⣀⣀⣀⣀⣀⣀⣀⣀⣀⣀⣀⣀⣀⣀⣀⣀⣀⣀⣀⣀⣀⣀⣀⣀⣀⣀⣀⣀⣀⣀⣀⣀⣀⣀⣀⣀⣀⣀⣀⣀⣀⣀⣀⣀⣀⣀⣀⣀⣀⣀⣀⣀⣀⣀⣀⣀⣀⣀⣀⣀⣀⣀⣀⣀⣀⣀⣀⣀⣀⣀⣀⣀⣀⣀⣀⣀⣀⣀⣀⣀⣀⣀⣀⣀⣀⣀⣀⣀⣀⣀⣀⣀⣀⣀⣀⣀⣀⣀⣀⣀⣀⣀⣀⣀⣀⣀⣀││sample paused                                          │║"
"║│                                                                                                                       ││                                                       │║"
"║│                                                                                                                       ││                                                       │║"
"║│                                                                                                                       ││                                                       │║"
"║│                                                                                                                       ││                                                       │║"
"║└───────────────────────────────────────────────────────────────────────────────────────────────────────────────────────┘└───────────────────────────────────────────────────────┘║"
"║┌Mix───────────────────────────────────────────────────────────────────────────┐┌Ref Trend───────────────────────────────────────────────────────────────────────────────────────┐║"
"║│                                                                              ││   ▂               █                                                                            │║"
"║│                                                                              ││   █              ▄█                                                                            │║"
"║│                                                                              ││   █              ██                                                                            │║"
"║│                                                                              ││   █              ██                                                                            │║"
"║│                                                                              ││ ▆ █      ▆▂ ▆  ▆▂██▆                                                                           │║"
"║│                                                                              ││▆█▅█▃     ██ █  █████▅                                                                          │║"
"║│Add Fix Chg Per Doc                                                           ││█████▇ ▅ ▇██▁█▃▃██████                                                                          │║"
"║└──────────────────────────────────────────────────────────────────────────────┘└────────────────────────────────────────────────────────────────────────────────────────────────┘║"
"║┌Highlights──────────────────────────────────────────────────────────────────────────────────────────────────────────────────────────────────────────────────────────────────────┐║"
"║│  [Security] Completion-gate `Command` and plugin `run` commands now execute as a parsed argv vector instead of through `sh -c`, closing a CWE-78 local command-injection / RCE │║"
"║│                                                                                                                                                                                │║"
"║│                                                                                                                                                                                │║"
"║│                                                                                                                                                                                │║"
"║│                                                                                                                                                                                │║"
"║└────────────────────────────────────────────────────────────────────────────────────────────────────────────────────────────────────────────────────────────────────────────────┘║"
"╚════════════════════════════════════════════════════════════════════════ Press [n] for full release notes ════════════════════════════════════════════════════════════════════════╝"
"                                                                                                                                                                                    "
"<q> quit  <n> notes  <w> net                                                                                                                                                        "
"                                                                                                                                                                                    "
"                                                                                                                                                                                    "
