---
source: src/tui/snapshot_tests/settings_review_parity.rs
assertion_line: 115
expression: "format!(\"{buf:?}\")"
---
Buffer {
    area: Rect { x: 0, y: 0, width: 80, height: 24 },
    content: [
        "✓ enabled                                                                       ",
        "command: cargo test                                                             ",
        "                                                                                ",
        "                                                                                ",
        "                                                                                ",
        "                                                                                ",
        "                                                                                ",
        "                                                                                ",
        "                                                                                ",
        "                                                                                ",
        "                                                                                ",
        "                                                                                ",
        "                                                                                ",
        "                                                                                ",
        "                                                                                ",
        "                                                                                ",
        "                                                                                ",
        "                                                                                ",
        "                                                                                ",
        "                                                                                ",
        "                                                                                ",
        "                                                                                ",
        "                                                                                ",
        "                                                                                ",
    ],
    styles: [
        x: 0, y: 0, fg: Black, bg: Cyan, underline: Reset, modifier: BOLD | REVERSED,
        x: 9, y: 0, fg: Reset, bg: Reset, underline: Reset, modifier: NONE,
        x: 0, y: 1, fg: White, bg: Reset, underline: Reset, modifier: NONE,
        x: 9, y: 1, fg: DarkGray, bg: Reset, underline: Reset, modifier: NONE,
        x: 19, y: 1, fg: Reset, bg: Reset, underline: Reset, modifier: NONE,
    ]
}
