---
source: src/tui/snapshot_tests/interaction.rs
expression: terminal.backend()
---
"┌─ agent agent  ·  model default  ·  #0 ───────────────────────────────────────────────────────────────────────────────┐"
"└──────────────────────────────────────────────────────────────────────────────────────────────────────────────────────┘"
" ╭─ sys · HH:MM ──────────────────────────────────────────────────────────────────────────────────────────────────────╮ "
" │ Session started for #736                                                                                           │ "
" ╰────────────────────────────────────────────────────────────────────────────────────────────────────────────────────╯ "
"                                                                                                                        "
" ╭─ you · HH:MM ──────────────────────────────────────────────────────────────────────────────────────────────────────╮ "
" │ Add a login button                                                                                                 │ "
" ╰────────────────────────────────────────────────────────────────────────────────────────────────────────────────────╯ "
"                                                                                                                        "
" ╭─ agent · HH:MM … ──────────────────────────────────────────────────────────────────────────────────────────────────╮ "
" │ Done. Added LoginButton.                                                                                           │ "
"                                                                                                                        "
"                                                                                                                        "
"                                                                                                                        "
"                                                                                                                        "
"                                                                                                                        "
"                                                                                                                        "
"                                                                                                                        "
"                                                                                                                        "
"                                                                                                                        "
"                                                                                                                        "
"                                                                                                                        "
"                                                                                                                        "
"                                                                                                                        "
"                                                                                                                        "
"                                                                                                                        "
"                                                                                                                        "
"                                                                                                                        "
"                                                                                                                        "
"                                                                                                                        "
"                                                                                                                        "
"                                                                                                                        "
"                                                                                                                        "
"─ [Enter] Send  [Shift+Enter] Newline  [Ctrl+P] /pushup  [Ctrl+L] Clear input  [Ctrl+W] Quit  [Esc] Back  [Up/Dn/PgUp/Pg"
"╔═════════════════════════════════════════════════════[ Message ]══════════════════════════════════════════════════════╗"
"║Type a prompt to begin…                                                                                               ║"
"║                                                                                                                      ║"
"║                                                                                                                      ║"
"╚══════════════════════════════════════════════════════════════════════════════════════════════════════════════════════╝"
