---
source: src/tui/snapshot_tests/interaction.rs
expression: terminal.backend()
---
"┌─ agent agent  ·  model default  ·  #0 ───────────────────────────────────────────────────────────────────────────────┐"
"└──────────────────────────────────────────────────────────────────────────────────────────────────────────────────────┘"
" ╭─ agent · HH:MM ────────────────────────────────────────────────────────────────────────────────────────────────────╮ "
" │ Message 0                                                                                                          │ "
" ╰────────────────────────────────────────────────────────────────────────────────────────────────────────────────────╯ "
"                                                                                                                        "
" ╭─ agent · HH:MM ────────────────────────────────────────────────────────────────────────────────────────────────────╮ "
" │ Message 1                                                                                                          │ "
" ╰────────────────────────────────────────────────────────────────────────────────────────────────────────────────────╯ "
"                                                                                                                        "
" ╭─ agent · HH:MM ────────────────────────────────────────────────────────────────────────────────────────────────────╮ "
" │ Message 2                                                                                                          │ "
" ╰────────────────────────────────────────────────────────────────────────────────────────────────────────────────────╯ "
"                                                                                                                        "
" ╭─ agent · HH:MM ────────────────────────────────────────────────────────────────────────────────────────────────────╮ "
" │ Message 3                                                                                                          │ "
" ╰────────────────────────────────────────────────────────────────────────────────────────────────────────────────────╯ "
"                                                                                                                        "
" ╭─ agent · HH:MM ────────────────────────────────────────────────────────────────────────────────────────────────────╮ "
" │ Message 4                                                                                                          │ "
" ╰────────────────────────────────────────────────────────────────────────────────────────────────────────────────────╯ "
"                                                                                                                        "
" ╭─ agent · HH:MM ────────────────────────────────────────────────────────────────────────────────────────────────────╮ "
" │ Message 5                                                                                                          │ "
" ╰────────────────────────────────────────────────────────────────────────────────────────────────────────────────────╯ "
"                                                                                                                        "
" ╭─ agent · HH:MM ────────────────────────────────────────────────────────────────────────────────────────────────────╮ "
" │ Message 6                                                                                                          │ "
" ╰────────────────────────────────────────────────────────────────────────────────────────────────────────────────────╯ "
"                                                                                                                        "
" ╭─ agent · HH:MM ────────────────────────────────────────────────────────────────────────────────────────────────────╮ "
" │ Message 7                                                                                                          │ "
" ╰────────────────────────────────────────────────────────────────────────────────────────────────────────────────────╯ "
"                                                                                                                        "
"─ [Enter] Send  [Shift+Enter] Newline  [Ctrl+P] /pushup  [Ctrl+L] Clear input  [Ctrl+W] Quit  [Esc] Back  [Up/Dn/PgUp/Pg"
"╔═════════════════════════════════════════════════════[ Message ]══════════════════════════════════════════════════════╗"
"║Type a prompt to begin…                                                                                               ║"
"║                                                                                                                      ║"
"║                                                                                                                      ║"
"╚══════════════════════════════════════════════════════════════════════════════════════════════════════════════════════╝"
