---
source: src/tui/snapshot_tests/overview.rs
expression: terminal.backend()
---
"┌ #42 — Add login flow ────────────────────────────────────────────────────────────────────────────────────────────────┐"
"│▶ RUNNING 2m30s                                                                                                       │"
"│$0.12  0 files                                                                                                        │"
"│█████████████████████████████████████████                                                                             │"
"│█████████████████████████████████████████              ctx: 35%                                                       │"
"│> Writing tests                                                                                                       │"
"│Simple status update without any markdown                                                                             │"
"│                                                                                                                      │"
"│                                                                                                                      │"
"│                                                                                                                      │"
"│                                                                                                                      │"
"│                                                                                                                      │"
"│                                                                                                                      │"
"│                                                                                                                      │"
"│                                                                                                                      │"
"│                                                                                                                      │"
"│                                                                                                                      │"
"│                                                                                                                      │"
"│                                                                                                                      │"
"│                                                                                                                      │"
"│                                                                                                                      │"
"│                                                                                                                      │"
"│                                                                                                                      │"
"│                                                                                                                      │"
"│                                                                                                                      │"
"│                                                                                                                      │"
"│                                                                                                                      │"
"│                                                                                                                      │"
"│                                                                                                                      │"
"│                                                                                                                      │"
"│                                                                                                                      │"
"│                                                                                                                      │"
"│                                                                                                                      │"
"│                                                                                                                      │"
"│                                                                                                                      │"
"│                                                                                                                      │"
"│                                                                                                                      │"
"│                                                                                                                      │"
"│                                                                                                                      │"
"└──────────────────────────────────────────────────────────────────────────────────────────────────────────────────────┘"
