---
source: src/tui/snapshot_tests/interaction.rs
expression: terminal.backend()
---
"No messages yet — type below to talk to the agent.                                                                      "
"                                                                                                                        "
"                                                                                                                        "
"                                                                                                                        "
"                                                                                                                        "
"                                                                                                                        "
"                                                                                                                        "
"                                                                                                                        "
"                                                                                                                        "
"                                                                                                                        "
"                                                                                                                        "
"                                                                                                                        "
"                                                                                                                        "
"                                                                                                                        "
"                                                                                                                        "
"                                                                                                                        "
"                                                                                                                        "
"                                                                                                                        "
"                                                                                                                        "
"                                                                                                                        "
"                                                                                                                        "
"                                                                                                                        "
"                                                                                                                        "
"                                                                                                                        "
"                                                                                                                        "
"                                                                                                                        "
"                                                                                                                        "
"                                                                                                                        "
"                                                                                                                        "
"                                                                                                                        "
"                                                                                                                        "
"                                                                                                                        "
"                                                                                                                        "
"                                                                                                                        "
"[Enter] Send  [Shift+Enter] Newline  [Ctrl+P] /pushup  [Ctrl+L] Clear  [Ctrl+Q] Quit  [Esc] Back                        "
"╔═════════════════════════════════════════════════════[ Message ]══════════════════════════════════════════════════════╗"
"║Type a prompt to begin…                                                                                               ║"
"║                                                                                                                      ║"
"║                                                                                                                      ║"
"╚══════════════════════════════════════════════════════════════════════════════════════════════════════════════════════╝"
