---
source: src/tui/snapshot_tests/landing.rs
expression: terminal.backend()
---
"                                                            ███╗   ███╗ █████╗ ███████╗███████╗████████╗██████╗  ██████╗                                                            "
"                                                           ████╗ ████║██╔══██╗██╔════╝██╔════╝╚══██╔══╝██╔══██╗██╔═══██╗                                                            "
"                                                           ██╔████╔██║███████║█████╗  ███████╗   ██║   ██████╔╝██║   ██║                                                            "
"                                                           ██║╚██╔╝██║██╔══██║██╔══╝  ╚════██║   ██║   ██╔══██╗██║   ██║                                                            "
"                                                           ██║ ╚═╝ ██║██║  ██║███████╗███████║   ██║   ██║  ██║╚██████╔╝                                                            "
"                                                            ╚═╝     ╚═╝╚═╝  ╚═╝╚══════╝╚══════╝   ╚═╝   ╚═╝  ╚═╝ ╚═════╝                                                            "
"                                                                                      v0.28.0                                                                                       "
"                                                                                                                                                                                    "
"                                                                   [d]  Dashboard           [r]  Roadmap                                                                            "
"                                                                   [i]  Create Issue        [h]  Milestone Review                                                                   "
"                                                                   [m]  Create Milestone    [t]  Teams                                                                              "
"                                                                   [s]  Project Stats       [q]  Quit                                                                               "
"                                                                   [p]  PRD                                                                                                         "
"                                                                                                                                                                                    "
"╔═══════════════════════════════════════════════════════════════════════════[ Release Console v0.28.0 ]════════════════════════════════════════════════════════════════════════════╗"
"║ changes 14   refs 14   categories 3   date 2026-05-16                                                                                                                            ║"
"║                                                                                                                                                                                  ║"
"║┌Internet───────────────────────────────────────────────────────────────────────────────────────────────────────────────┐┌Link───────────────────────────────────────────────────┐║"
"║│                                                                                                                       ││state standby                                          │║"
"║│                                                                                                                       ││press [w] measure                                      │║"
"║│                                                                                                                       ││mode  manual                                           │║"
"║│⣀⣀⣀⣀⣀⣀⣀⣀⣀⣀⣀⣀⣀⣀⣀⣀⣀⣀⣀⣀⣀⣀⣀⣀⣀⣀⣀⣀⣀⣀⣀⣀⣀⣀⣀⣀⣀⣀⣀⣀⣀⣀⣀⣀⣀⣀⣀⣀⣀⣀⣀⣀⣀⣀⣀⣀⣀⣀⣀⣀⣀⣀⣀⣀⣀⣀⣀⣀⣀⣀⣀⣀⣀⣀⣀⣀⣀⣀⣀⣀⣀⣀⣀⣀⣀⣀⣀⣀⣀⣀⣀⣀⣀⣀⣀⣀⣀⣀⣀⣀⣀⣀⣀⣀⣀⣀⣀⣀⣀⣀⣀⣀⣀⣀⣀⣀⣀⣀⣀││sample paused                                          │║"
"║│                                                                                                                       ││                                                       │║"
"║│                                                                                                                       ││                                                       │║"
"║│                                                                                                                       ││                                                       │║"
"║│                                                                                                                       ││                                                       │║"
"║└───────────────────────────────────────────────────────────────────────────────────────────────────────────────────────┘└───────────────────────────────────────────────────────┘║"
"║┌Mix───────────────────────────────────────────────────────────────────────────┐┌Ref Trend───────────────────────────────────────────────────────────────────────────────────────┐║"
"║│███                                                                           ││  ▁      █                                                                                      │║"
"║│███                                                                           ││  █      █                                                                                      │║"
"║│███                                                                           ││ ▇█      █                                                                                      │║"
"║│███                                                                           ││▇██ ▇    █         ▅ ▅▅                                                                         │║"
"║│███             ▅▅▅                                                           ││███ █  █ █      █▄ █ ██                                                                         │║"
"║│11█             █3█                                                           ││███ █ ██▆█▄     ██ █ ██                                                                         │║"
"║│Add Fix Chg Per Doc                                                           ││█████▄██████ ▆ ███▂█▄██                                                                         │║"
"║└──────────────────────────────────────────────────────────────────────────────┘└────────────────────────────────────────────────────────────────────────────────────────────────┘║"
"║┌Highlights──────────────────────────────────────────────────────────────────────────────────────────────────────────────────────────────────────────────────────────────────────┐║"
"║│  [Added] feat(templates): derive subagent_list from filesystem manifest, drop hand-rolled constant (#728)                                                                      │║"
"║│  [Added] feat(templates): extract sandbox-aware include reader for provider rule reuse (#727)                                                                                  │║"
"║│  [Added] feat(templates): HTTP-provider runtime injection (#707)                                                                                                               │║"
"║│  [Added] feat(cli): maestro sync-templates subcommand + drift detection (#706)                                                                                                 │║"
"║│                                                                                                                                                                                │║"
"║└────────────────────────────────────────────────────────────────────────────────────────────────────────────────────────────────────────────────────────────────────────────────┘║"
"╚════════════════════════════════════════════════════════════════════════ Press [n] for full release notes ════════════════════════════════════════════════════════════════════════╝"
"                                                                                                                                                                                    "
"<q> quit  <n> notes  <w> net                                                                                                                                                        "
"                                                                                                                                                                                    "
"                                                                                                                                                                                    "
