---
source: src/tui/snapshot_tests/team_wizard.rs
expression: t.backend()
---
"╔═══════════════════════════[ Step 6/8: Executing ]════════════════════════════╗"
"║                                                                              ║"
"╚══════════════════════════════════════════════════════════════════════════════╝"
"╔════════════════════════════════[ Executing ]═════════════════════════════════╗"
"║                                                                              ║"
"║                             Dispatching team run…                            ║"
"║                                                                              ║"
"║                            Press Enter to return.                            ║"
"║                                                                              ║"
"║                                                                              ║"
"║                                                                              ║"
"║                                                                              ║"
"║                                                                              ║"
"║                                                                              ║"
"║                                                                              ║"
"║                                                                              ║"
"║                                                                              ║"
"║                                                                              ║"
"║                                                                              ║"
"║                                                                              ║"
"║                                                                              ║"
"╚══════════════════════════════════════════════════════════════════════════════╝"
"                 Launch in progress — Esc disabled until result                 "
"                                                                                "
