---
source: src/tui/snapshot_tests/dashboard.rs
expression: terminal.backend()
---
"────────────────────────────────────────────────────────────────────────────────────────────────────────────────────────"
"  owner/repo   main   @carlos  │  Loading...                                                                         "
"────────────────────────────────────────────────────────────────────────────────────────────────────────────────────────"
"╔══════════════════════════════════════════════[ What's New in v0.17.1 ]═══════════════════════════════════════════════╗"
"║  [Added] feat(github): thread configured `project.repo` into production `GhCliClient` shellouts via `--repo`, with...║"
"║  [Added] feat(tui): redesign welcome page with symmetric LazyVim-style layout (#582)                                 ║"
"║  [Fixed] fix(security): sanitize Slack and PowerShell injection in `notify.sh` (#583)                                ║"
"║  [Fixed] fix(security): sanitize Linux notify-send markup and option-flag injection (#586)                           ║"
"╚══════════════════════════════════════════ Press [n] for full release notes ══════════════════════════════════════════╝"
"╔════════[ Quick Actions ]═════════╗╔════════════[ Suggestions ]═════════════╗╔══════════[ Recent Activity ]═══════════╗"
"║  [i]  Browse Issues              ║║  No suggestions — everything looks good║║  No recent sessions                    ║"
"║  [m]  Browse Milestones          ║║                                        ║║                                        ║"
"║  [M]  Review Milestone           ║║                                        ║║                                        ║"
"║  [r]  Run Prompt                 ║║                                        ║║                                        ║"
"║  [a]  Adapt Project              ║║                                        ║║                                        ║"
"║  [p]  Review PRs                 ║║                                        ║║                                        ║"
"║  [s]  Status                     ║║                                        ║║                                        ║"
"║  [c]  Cost Report                ║║                                        ║║                                        ║"
"║  [t]  Token Report               ║║                                        ║║                                        ║"
"║  [Q]  TurboQuant Savings         ║║                                        ║║                                        ║"
"║  [S]  Settings                   ║║                                        ║║                                        ║"
"║  [u]  Update Maestro             ║║                                        ║║                                        ║"
"║  [q]  Quit                       ║║                                        ║║                                        ║"
"║                                  ║║                                        ║║                                        ║"
"║                                  ║║                                        ║║                                        ║"
"║                                  ║║                                        ║║                                        ║"
"║                                  ║║                                        ║║                                        ║"
"║                                  ║║                                        ║║                                        ║"
"║                                  ║║                                        ║║                                        ║"
"║                                  ║║                                        ║║                                        ║"
"║                                  ║║                                        ║║                                        ║"
"║                                  ║║                                        ║║                                        ║"
"║                                  ║║                                        ║║                                        ║"
"║                                  ║║                                        ║║                                        ║"
"║                                  ║║                                        ║║                                        ║"
"║                                  ║║                                        ║║                                        ║"
"║                                  ║║                                        ║║                                        ║"
"║                                  ║║                                        ║║                                        ║"
"║                                  ║║                                        ║║                                        ║"
"╚══════════════════════════════════╝╚════════════════════════════════════════╝╚════════════════════════════════════════╝"
