---
source: src/tui/snapshot_tests/dashboard.rs
expression: terminal.backend()
---
"────────────────────────────────────────────────────────────────────────────────────────────────────────────────────────"
"  owner/repo   main   @carlos  │  Loading...                                                                         "
"────────────────────────────────────────────────────────────────────────────────────────────────────────────────────────"
"╔══════════════════════════════════════════════[ What's New in v0.18.0 ]═══════════════════════════════════════════════╗"
"║  [Changed] tech-debt: extract `ScreenState` and `SessionConfig` sub-structs from `App` (#395)                        ║"
"║  [Changed] tech-debt: replace `unwrap()` with error propagation in `session/manager.rs` (#396)                       ║"
"║  [Changed] tech-debt: replace `unwrap()` with error propagation in `work/executor.rs` and `state/store.rs` (#397)    ║"
"║  [Changed] chore: tech debt catalog superseded by broken-out items in v0.18.0–v0.21.0 (#407)                         ║"
"╚══════════════════════════════════════════ Press [n] for full release notes ══════════════════════════════════════════╝"
"╔════════[ Quick Actions ]═════════╗╔════════════[ Suggestions ]═════════════╗╔══════════[ Recent Activity ]═══════════╗"
"║  [i]  Browse Issues              ║║  No suggestions — everything looks good║║  No recent sessions                    ║"
"║  [m]  Browse Milestones          ║║                                        ║║                                        ║"
"║  [M]  Review Milestone           ║║                                        ║║                                        ║"
"║  [r]  Run Prompt                 ║║                                        ║║                                        ║"
"║  [a]  Adapt Project              ║║                                        ║║                                        ║"
"║  [p]  Review PRs                 ║║                                        ║║                                        ║"
"║  [s]  Status                     ║║                                        ║║                                        ║"
"║  [c]  Cost Report                ║║                                        ║║                                        ║"
"║  [t]  Token Report               ║║                                        ║║                                        ║"
"║  [Q]  TurboQuant Savings         ║║                                        ║║                                        ║"
"║  [S]  Settings                   ║║                                        ║║                                        ║"
"║  [u]  Update Maestro             ║║                                        ║║                                        ║"
"║  [q]  Quit                       ║║                                        ║║                                        ║"
"║                                  ║║                                        ║║                                        ║"
"║                                  ║║                                        ║║                                        ║"
"║                                  ║║                                        ║║                                        ║"
"║                                  ║║                                        ║║                                        ║"
"║                                  ║║                                        ║║                                        ║"
"║                                  ║║                                        ║║                                        ║"
"║                                  ║║                                        ║║                                        ║"
"║                                  ║║                                        ║║                                        ║"
"║                                  ║║                                        ║║                                        ║"
"║                                  ║║                                        ║║                                        ║"
"║                                  ║║                                        ║║                                        ║"
"║                                  ║║                                        ║║                                        ║"
"║                                  ║║                                        ║║                                        ║"
"║                                  ║║                                        ║║                                        ║"
"║                                  ║║                                        ║║                                        ║"
"║                                  ║║                                        ║║                                        ║"
"╚══════════════════════════════════╝╚════════════════════════════════════════╝╚════════════════════════════════════════╝"
