---
source: src/tui/snapshot_tests/milestone.rs
expression: terminal.backend()
---
"╔════════════[ 󰐱 Milestones ]════════════╗[1] Issues  [2] Preview                                                       "
"║ 󰐱 v1.0 - Core Features                ║                                                                              "
"║  [▓▓▓▓▓▓▓▓▓▓▓░░░░░] 7/10 issues (70%)  ║╔═════════════════════════════════[ Issues ]═════════════════════════════════╗"
"║  󰓒 7    󰝦 3                            ║║  v1.0 - Core Features — no issues loaded                                   ║"
"║  󰐱 v2.0 - Extensions                   ║║                                                                            ║"
"║  [▓▓▓▓▓▓▓▓░░░░░░░░] 5/10 issues (50%)  ║║                                                                            ║"
"║  󰓒 5    󰝦 5                            ║║                                                                            ║"
"║                                        ║║                                                                            ║"
"║                                        ║║                                                                            ║"
"║                                        ║║                                                                            ║"
"║                                        ║║                                                                            ║"
"║                                        ║║                                                                            ║"
"║                                        ║║                                                                            ║"
"║                                        ║║                                                                            ║"
"║                                        ║║                                                                            ║"
"║                                        ║║                                                                            ║"
"║                                        ║║                                                                            ║"
"║                                        ║║                                                                            ║"
"║                                        ║║                                                                            ║"
"║                                        ║║                                                                            ║"
"║                                        ║║                                                                            ║"
"║                                        ║║                                                                            ║"
"║                                        ║║                                                                            ║"
"║                                        ║║                                                                            ║"
"║                                        ║║                                                                            ║"
"║                                        ║║                                                                            ║"
"║                                        ║║                                                                            ║"
"║                                        ║║                                                                            ║"
"║                                        ║║                                                                            ║"
"║                                        ║║                                                                            ║"
"║                                        ║║                                                                            ║"
"║                                        ║║                                                                            ║"
"║                                        ║║                                                                            ║"
"║                                        ║║                                                                            ║"
"║                                        ║║                                                                            ║"
"║                                        ║║                                                                            ║"
"║                                        ║║                                                                            ║"
"║                                        ║║                                                                            ║"
"╚════════════════════════════════════════╝╚════════════════════════════════════════════════════════════════════════════╝"
"[Enter] View Issues  [Tab] Switch Tab  [r] Run All Open  [Esc] Back                                                     "
