---
source: src/tui/snapshot_tests/settings_turboquant_parity.rs
expression: "format!(\"{buf:?}\")"
---
Buffer {
    area: Rect { x: 0, y: 0, width: 80, height: 24 },
    content: [
        "○ enabled                                                                       ",
        "bit_width: < 4 >                                                                ",
        "strategy:  turboquant                                                         ",
        "apply_to:  both                                                               ",
        "○ auto_on_overflow                                                              ",
        "fork_handoff_budget: < 4096 >                                                   ",
        "system_prompt_budget: < 2048 >                                                  ",
        "knowledge_budget: < 4096 >                                                      ",
        "                                                                                ",
        "                                                                                ",
        "                                                                                ",
        "                                                                                ",
        "                                                                                ",
        "                                                                                ",
        "                                                                                ",
        "                                                                                ",
        "                                                                                ",
        "                                                                                ",
        "                                                                                ",
        "                                                                                ",
        "                                                                                ",
        "                                                                                ",
        "                                                                                ",
        "                                                                                ",
    ],
    styles: [
        x: 0, y: 0, fg: Black, bg: Cyan, underline: Reset, modifier: BOLD | REVERSED,
        x: 9, y: 0, fg: Reset, bg: Reset, underline: Reset, modifier: NONE,
        x: 0, y: 1, fg: White, bg: Reset, underline: Reset, modifier: NONE,
        x: 11, y: 1, fg: DarkGray, bg: Reset, underline: Reset, modifier: NONE,
        x: 16, y: 1, fg: Reset, bg: Reset, underline: Reset, modifier: NONE,
        x: 0, y: 2, fg: White, bg: Reset, underline: Reset, modifier: NONE,
        x: 10, y: 2, fg: DarkGray, bg: Reset, underline: Reset, modifier: NONE,
        x: 24, y: 2, fg: Reset, bg: Reset, underline: Reset, modifier: NONE,
        x: 0, y: 3, fg: White, bg: Reset, underline: Reset, modifier: NONE,
        x: 10, y: 3, fg: DarkGray, bg: Reset, underline: Reset, modifier: NONE,
        x: 18, y: 3, fg: Reset, bg: Reset, underline: Reset, modifier: NONE,
        x: 0, y: 4, fg: DarkGray, bg: Reset, underline: Reset, modifier: NONE,
        x: 2, y: 4, fg: White, bg: Reset, underline: Reset, modifier: NONE,
        x: 18, y: 4, fg: Reset, bg: Reset, underline: Reset, modifier: NONE,
        x: 0, y: 5, fg: White, bg: Reset, underline: Reset, modifier: NONE,
        x: 21, y: 5, fg: DarkGray, bg: Reset, underline: Reset, modifier: NONE,
        x: 29, y: 5, fg: Reset, bg: Reset, underline: Reset, modifier: NONE,
        x: 0, y: 6, fg: White, bg: Reset, underline: Reset, modifier: NONE,
        x: 22, y: 6, fg: DarkGray, bg: Reset, underline: Reset, modifier: NONE,
        x: 30, y: 6, fg: Reset, bg: Reset, underline: Reset, modifier: NONE,
        x: 0, y: 7, fg: White, bg: Reset, underline: Reset, modifier: NONE,
        x: 18, y: 7, fg: DarkGray, bg: Reset, underline: Reset, modifier: NONE,
        x: 26, y: 7, fg: Reset, bg: Reset, underline: Reset, modifier: NONE,
    ]
}
