---
source: src/tui/snapshot_tests/dashboard.rs
assertion_line: 62
expression: terminal.backend()
---
"────────────────────────────────────────────────────────────────────────────────────────────────────────────────────────"
"  owner/repo   main   @carlos  │  Loading...                                                                         "
"────────────────────────────────────────────────────────────────────────────────────────────────────────────────────────"
"╔══════════════════════════════════════════════[ What's New in v0.13.1 ]═══════════════════════════════════════════════╗"
"║  [Added] Configurable milestone naming convention in adapt settings (#368)                                           ║"
"║  [Added] PRD generator — standalone command + adapt integration (#370)                                               ║"
"║  [Added] Adapt AI scaffolding phase — generate .claude/ commands, skills, and subagents for target project (#371)    ║"
"║  [Changed] Add runtime state files to `.gitignore` (#352)                                                            ║"
"╚══════════════════════════════════════════ Press [n] for full release notes ══════════════════════════════════════════╝"
"╔════════[ Quick Actions ]═════════╗╔════════════[ Suggestions ]═════════════╗╔══════════[ Recent Activity ]═══════════╗"
"║  [i]  Browse Issues              ║║  󰝦 3 issues labeled maestro:ready — pre║║  No recent sessions                    ║"
"║  [m]  Browse Milestones          ║║   No sessions running — press [r] to s║║                                        ║"
"║  [r]  Run Prompt                 ║║                                        ║║                                        ║"
"║  [a]  Adapt Project              ║║                                        ║║                                        ║"
"║  [p]  Review PRs                 ║║                                        ║║                                        ║"
"║  [s]  Status                     ║║                                        ║║                                        ║"
"║  [c]  Cost Report                ║║                                        ║║                                        ║"
"║  [t]  Token Report               ║║                                        ║║                                        ║"
"║  [Q]  TurboQuant Savings         ║║                                        ║║                                        ║"
"║  [S]  Settings                   ║║                                        ║║                                        ║"
"║  [u]  Update Maestro             ║║                                        ║║                                        ║"
"║  [q]  Quit                       ║║                                        ║║                                        ║"
"║                                  ║║                                        ║║                                        ║"
"║                                  ║║                                        ║║                                        ║"
"║                                  ║║                                        ║║                                        ║"
"║                                  ║║                                        ║║                                        ║"
"║                                  ║║                                        ║║                                        ║"
"║                                  ║║                                        ║║                                        ║"
"║                                  ║║                                        ║║                                        ║"
"║                                  ║║                                        ║║                                        ║"
"║                                  ║║                                        ║║                                        ║"
"║                                  ║║                                        ║║                                        ║"
"║                                  ║║                                        ║║                                        ║"
"║                                  ║║                                        ║║                                        ║"
"║                                  ║║                                        ║║                                        ║"
"║                                  ║║                                        ║║                                        ║"
"║                                  ║║                                        ║║                                        ║"
"║                                  ║║                                        ║║                                        ║"
"║                                  ║║                                        ║║                                        ║"
"╚══════════════════════════════════╝╚════════════════════════════════════════╝╚════════════════════════════════════════╝"
