---
source: src/tui/snapshot_tests/team_wizard.rs
expression: t.backend()
---
"╔════════════════════════════[ Step 7/8: Launched ]════════════════════════════╗"
"║                                                                              ║"
"╚══════════════════════════════════════════════════════════════════════════════╝"
"╔═════════════════════════════════[ Launched ]═════════════════════════════════╗"
"║                                                                              ║"
"║                             Team run dispatched.                             ║"
"║                                                                              ║"
"║                            Press Enter to return.                            ║"
"║                                                                              ║"
"║                                                                              ║"
"║                                                                              ║"
"║                                                                              ║"
"║                                                                              ║"
"║                                                                              ║"
"║                                                                              ║"
"║                                                                              ║"
"║                                                                              ║"
"║                                                                              ║"
"║                                                                              ║"
"║                                                                              ║"
"║                                                                              ║"
"╚══════════════════════════════════════════════════════════════════════════════╝"
"                                 [Enter] return                                 "
"                                                                                "
