---
source: src/tui/snapshot_tests/dashboard.rs
expression: terminal.backend()
---
"────────────────────────────────────────────────────────────────────────────────────────────────────────────────────────"
"  owner/repo   main   @carlos  │  Loading...                                                                         "
"────────────────────────────────────────────────────────────────────────────────────────────────────────────────────────"
"╔═════════════════════════════════════════════════════[ Warnings ]═════════════════════════════════════════════════════╗"
"║  ! Budget 90% consumed                                                                                               ║"
"╚══════════════════════════════════════════════════════════════════════════════════════════════════════════════════════╝"
"╔══════════════════════════════════════════════[ What's New in v0.16.0 ]═══════════════════════════════════════════════╗"
"║  [Added] `src/settings/` — `SettingsStore` trait, `FsSettingsStore` atomic writer, and `CavemanModeState` enum; su...║"
"║  [Added] `src/tui/screens/settings/caveman_row.rs` — render helper for the caveman-mode row; `tests/settings_cavem...║"
"║  [Added] `.claude/skills/caveman/SKILL.md` — opt-in compressed-prose skill that drops articles, fillers, and trans...║"
"║  [Added] `behavior.*` namespace in `.claude/settings.json` reserved for non-security style/UX toggles; documented ...║"
"╚══════════════════════════════════════════ Press [n] for full release notes ══════════════════════════════════════════╝"
"╔════════[ Quick Actions ]═════════╗╔════════════[ Suggestions ]═════════════╗╔══════════[ Recent Activity ]═══════════╗"
"║  [i]  Browse Issues              ║║  No suggestions — everything looks good║║  No recent sessions                    ║"
"║  [m]  Browse Milestones          ║║                                        ║║                                        ║"
"║  [M]  Review Milestone           ║║                                        ║║                                        ║"
"║  [r]  Run Prompt                 ║║                                        ║║                                        ║"
"║  [a]  Adapt Project              ║║                                        ║║                                        ║"
"║  [p]  Review PRs                 ║║                                        ║║                                        ║"
"║  [s]  Status                     ║║                                        ║║                                        ║"
"║  [c]  Cost Report                ║║                                        ║║                                        ║"
"║  [t]  Token Report               ║║                                        ║║                                        ║"
"║  [Q]  TurboQuant Savings         ║║                                        ║║                                        ║"
"║  [S]  Settings                   ║║                                        ║║                                        ║"
"║  [u]  Update Maestro             ║║                                        ║║                                        ║"
"║  [q]  Quit                       ║║                                        ║║                                        ║"
"║                                  ║║                                        ║║                                        ║"
"║                                  ║║                                        ║║                                        ║"
"║                                  ║║                                        ║║                                        ║"
"║                                  ║║                                        ║║                                        ║"
"║                                  ║║                                        ║║                                        ║"
"║                                  ║║                                        ║║                                        ║"
"║                                  ║║                                        ║║                                        ║"
"║                                  ║║                                        ║║                                        ║"
"║                                  ║║                                        ║║                                        ║"
"║                                  ║║                                        ║║                                        ║"
"║                                  ║║                                        ║║                                        ║"
"║                                  ║║                                        ║║                                        ║"
"║                                  ║║                                        ║║                                        ║"
"╚══════════════════════════════════╝╚════════════════════════════════════════╝╚════════════════════════════════════════╝"
