---
source: src/tui/snapshot_tests/team_wizard.rs
expression: t.backend()
---
"╔══════════════════════════════[ Step 3/7: Plan ]══════════════════════════════╗"
"║                                                                              ║"
"╚══════════════════════════════════════════════════════════════════════════════╝"
"╔═══════════════════════════════[ Plan Preview ]═══════════════════════════════╗"
"║Team default-coder (pipeline)  ≈ $0.0258 (rough estimate, ±50%)               ║"
"║Level 0: #42                                                                  ║"
"║Concurrency: max 3 parallel                                                   ║"
"║                                                                              ║"
"║                                                                              ║"
"║                                                                              ║"
"║                                                                              ║"
"║                                                                              ║"
"║                                                                              ║"
"║                                                                              ║"
"║                                                                              ║"
"║                                                                              ║"
"║                                                                              ║"
"║                                                                              ║"
"║                                                                              ║"
"║                                                                              ║"
"║                                                                              ║"
"╚══════════════════════════════════════════════════════════════════════════════╝"
"                          [Enter] confirm   [Esc] back                          "
"                                                                                "
