---
source: src/tui/snapshot_tests/interaction.rs
expression: terminal.backend()
---
"┌─ agent agent  ·  model default  ·  #0 ───────────────────────────────────────────────────────────────────────────────┐"
"└──────────────────────────────────────────────────────────────────────────────────────────────────────────────────────┘"
" Working on issue #0                                                                                                    "
"                                                                                                                        "
" No messages yet — type a prompt below to start.                                                                        "
" Try: "Summarize this issue and propose a step-by-step plan."                                                           "
"                                                                                                                        "
"                                                                                                                        "
"                                                                                                                        "
"                                                                                                                        "
"                                                                                                                        "
"                                                                                                                        "
"                                                                                                                        "
"                                                                                                                        "
"                                                                                                                        "
"                                                                                                                        "
"                                                                                                                        "
"                                                                                                                        "
"                                                                                                                        "
"                                                                                                                        "
"                                                                                                                        "
"                                                                                                                        "
"                                                                                                                        "
"                                                                                                                        "
"                                                                                                                        "
"                                                                                                                        "
"                                                                                                                        "
"                                                                                                                        "
"                                                                                                                        "
"                                                                                                                        "
"                                                                                                                        "
"                                                                                                                        "
"                                                                                                                        "
"                                                                                                                        "
"[Enter] Send  [Shift+Enter] Newline  [Ctrl+P] /pushup  [Ctrl+L] Clear input  [Ctrl+W] Quit  [Esc] Back  [Up/Down] Scroll"
"╔═════════════════════════════════════════════════════[ Message ]══════════════════════════════════════════════════════╗"
"║Type a prompt to begin…                                                                                               ║"
"║                                                                                                                      ║"
"║                                                                                                                      ║"
"╚══════════════════════════════════════════════════════════════════════════════════════════════════════════════════════╝"
