---
source: src/tui/snapshot_tests/landing.rs
expression: terminal.backend()
---
"                                                                                                                        "
"                                                                                                                        "
"                                                                                                                        "
"                                                                                                                        "
"                                                                                                                        "
"                                                                                                                        "
"                                                                                                                        "
"                                       __  __    _    _____ ____ _____ ____   ___                                       "
"                                      |  \/  |  / \  | ____/ ___|_   _|  _ \ / _ \                                      "
"                                     | |\/| | / _ \ |  _| \___ \ | | | |_) | | | |                                      "
"                                     | |  | |/ ___ \| |___ ___) || | |  _ <| |_| |                                      "
"                                      |_|  |_/_/   \_\_____|____/ |_| |_| \_\\___/                                      "
"                                                        v0.25.1                                                         "
"                                                                                                                        "
"                                     [d]  Dashboard           [r]  Roadmap                                              "
"                                     [i]  Create Issue        [h]  Milestone Review                                     "
"                                     [m]  Create Milestone    [t]  Teams                                                "
"                                     [s]  Project Stats       [q]  Quit                                                 "
"                                     [p]  PRD                                                                           "
"                                                                                                                        "
"            ╔══════════════════════════════════[ What's New in v0.25.1 ]═══════════════════════════════════╗            "
"            ║  [Added] ci(quality): add cargo-dupes code duplication gate to CI pipeline (#620)            ║            "
"            ║  [Fixed] fix: make release script resilient to protected-branch release PR edge cases (#685) ║            "
"            ║                                                                                              ║            "
"            ║                                                                                              ║            "
"            ╚══════════════════════════════ Press [n] for full release notes ══════════════════════════════╝            "
"                                                                                                                        "
"                                     <q> quit  <n> notes                                                                "
"                                                                                                                        "
"                                                                                                                        "
"                                                                                                                        "
"                                                                                                                        "
"                                                                                                                        "
"                                                                                                                        "
"                                                                                                                        "
"                                                                                                                        "
"                                                                                                                        "
"                                                                                                                        "
"                                                                                                                        "
"                                                                                                                        "
