---
source: src/tui/snapshot_tests/milestone_wizard.rs
expression: terminal.backend()
---
"╔════════════════════════════════════════════[ Step 1/9: Goal Definition ]═════════════════════════════════════════════╗"
"║                                                                                                                      ║"
"╚══════════════════════════════════════════════════════════════════════════════════════════════════════════════════════╝"
"╔══════════════════════════════════════════════════════════════════════════════════════════════════════════════════════╗"
"║[AI] What is the main objective of this milestone?                                                                    ║"
"║[AI] What problem does it solve?                                                                                      ║"
"║[AI] Who benefits when this ships?                                                                                    ║"
"╚══════════════════════════════════════════════════════════════════════════════════════════════════════════════════════╝"
"┌Your goals────────────────────────────────────────────────────────────────────────────────────────────────────────────┐"
"│                                                                                                                      │"
"│                                                                                                                      │"
"│                                                                                                                      │"
"│                                                                                                                      │"
"│                                                                                                                      │"
"│                                                                                                                      │"
"│                                                                                                                      │"
"│                                                                                                                      │"
"│                                                                                                                      │"
"│                                                                                                                      │"
"│                                                                                                                      │"
"│                                                                                                                      │"
"│                                                                                                                      │"
"│                                                                                                                      │"
"│                                                                                                                      │"
"│                                                                                                                      │"
"│                                                                                                                      │"
"│                                                                                                                      │"
"│                                                                                                                      │"
"│                                                                                                                      │"
"│                                                                                                                      │"
"│                                                                                                                      │"
"│                                                                                                                      │"
"│                                                                                                                      │"
"│                                                                                                                      │"
"│                                                                                                                      │"
"│                                                                                                                      │"
"│                                                                                                                      │"
"└──────────────────────────────────────────────────────────────────────────────────────────────────────────────────────┘"
"                                                   Goals are required                                                   "
"                               [Shift+Enter] newline in goals   [Enter] next   [Esc] back                               "
