---
source: src/tui/snapshot_tests/landing.rs
expression: terminal.backend()
---
"                                                                                                                        "
"                                                                                                                        "
"                                                                                                                        "
"                                                                                                                        "
"                                                                                                                        "
"                                                                                                                        "
"                              ███╗   ███╗ █████╗ ███████╗███████╗████████╗██████╗  ██████╗                              "
"                             ████╗ ████║██╔══██╗██╔════╝██╔════╝╚══██╔══╝██╔══██╗██╔═══██╗                              "
"                             ██╔████╔██║███████║█████╗  ███████╗   ██║   ██████╔╝██║   ██║                              "
"                             ██║╚██╔╝██║██╔══██║██╔══╝  ╚════██║   ██║   ██╔══██╗██║   ██║                              "
"                             ██║ ╚═╝ ██║██║  ██║███████╗███████║   ██║   ██║  ██║╚██████╔╝                              "
"                              ╚═╝     ╚═╝╚═╝  ╚═╝╚══════╝╚══════╝   ╚═╝   ╚═╝  ╚═╝ ╚═════╝                              "
"                                                        v0.24.0                                                         "
"                                                                                                                        "
"                                     [d]  Dashboard           [p]  PRD                                                  "
"                                     [i]  Create Issue        [r]  Roadmap                                              "
"                                     [m]  Create Milestone    [h]  Milestone Review                                     "
"                                     [s]  Project Stats       [q]  Quit                                                 "
"                                                                                                                        "
"            ╔══════════════════════════════════[ What's New in v0.24.0 ]═══════════════════════════════════╗            "
"            ║  [Added] feat(tui): rich EmptyState widget with action-oriented hints across all screens (#6…║            "
"            ║  [Added] feat(tui): add shared BrailleSpinner widget for async loading states (#637)         ║            "
"            ║  [Added] feat(tui): extract shared WizardFrame widget for design-system consistency (#636)   ║            "
"            ║  [Added] feat(config): flip experimental.azure_devops default ON and retire the startup gate…║            "
"            ╚══════════════════════════════ Press [n] for full release notes ══════════════════════════════╝            "
"                                                                                                                        "
"                                     <q> quit  <n> notes                                                                "
"                                                                                                                        "
"                                                                                                                        "
"                                                                                                                        "
"                                                                                                                        "
"                                                                                                                        "
"                                                                                                                        "
"                                                                                                                        "
"                                                                                                                        "
"                                                                                                                        "
"                                                                                                                        "
"                                                                                                                        "
"                                                                                                                        "
"                                                                                                                        "
