---
source: src/tui/snapshot_tests/dashboard.rs
expression: terminal.backend()
---
"────────────────────────────────────────────────────────────────────────────────────────────────────────────────────────"
"  owner/repo   main   @carlos  │  Loading...                                                                         "
"────────────────────────────────────────────────────────────────────────────────────────────────────────────────────────"
"╔═════════════════════════════════════════════════════[ Warnings ]═════════════════════════════════════════════════════╗"
"║  ! Budget 90% consumed                                                                                               ║"
"╚══════════════════════════════════════════════════════════════════════════════════════════════════════════════════════╝"
"╔══════════════════════════════════════════════[ What's New in v0.15.2 ]═══════════════════════════════════════════════╗"
"║  [Added] `[tui].mascot_style = "sprite" | "ascii"` config key (default `"sprite"`) controls which mascot renderer ...║"
"║  [Added] Six 128×128 pixel-art sprite `.bin` files (`conducting`, `error`, `happy`, `idle`, `sleeping`, `thinking`...║"
"║  [Added] `MascotStyle` enum (`Sprite` | `Ascii`) in `src/mascot/mod.rs`; `sprite()` accessor and test-only `pixel(...║"
"║  [Added] `MascotWidget::with_style()` builder, aspect-preserving `render_sprite()` path (nearest-neighbor downscal...║"
"╚══════════════════════════════════════════ Press [n] for full release notes ══════════════════════════════════════════╝"
"╔════════[ Quick Actions ]═════════╗╔════════════[ Suggestions ]═════════════╗╔══════════[ Recent Activity ]═══════════╗"
"║  [i]  Browse Issues              ║║  No suggestions — everything looks good║║  No recent sessions                    ║"
"║  [m]  Browse Milestones          ║║                                        ║║                                        ║"
"║  [r]  Run Prompt                 ║║                                        ║║                                        ║"
"║  [a]  Adapt Project              ║║                                        ║║                                        ║"
"║  [p]  Review PRs                 ║║                                        ║║                                        ║"
"║  [s]  Status                     ║║                                        ║║                                        ║"
"║  [c]  Cost Report                ║║                                        ║║                                        ║"
"║  [t]  Token Report               ║║                                        ║║                                        ║"
"║  [Q]  TurboQuant Savings         ║║                                        ║║                                        ║"
"║  [S]  Settings                   ║║                                        ║║                                        ║"
"║  [u]  Update Maestro             ║║                                        ║║                                        ║"
"║  [q]  Quit                       ║║                                        ║║                                        ║"
"║                                  ║║                                        ║║                                        ║"
"║                                  ║║                                        ║║                                        ║"
"║                                  ║║                                        ║║                                        ║"
"║                                  ║║                                        ║║                                        ║"
"║                                  ║║                                        ║║                                        ║"
"║                                  ║║                                        ║║                                        ║"
"║                                  ║║                                        ║║                                        ║"
"║                                  ║║                                        ║║                                        ║"
"║                                  ║║                                        ║║                                        ║"
"║                                  ║║                                        ║║                                        ║"
"║                                  ║║                                        ║║                                        ║"
"║                                  ║║                                        ║║                                        ║"
"║                                  ║║                                        ║║                                        ║"
"║                                  ║║                                        ║║                                        ║"
"╚══════════════════════════════════╝╚════════════════════════════════════════╝╚════════════════════════════════════════╝"
