---
source: src/tui/snapshot_tests/team_wizard.rs
expression: t.backend()
---
"╔════════════════════════════[ Step 3/4: Deleted ]═════════════════════════════╗"
"║                                                                              ║"
"╚══════════════════════════════════════════════════════════════════════════════╝"
"╔═════════════════════════════════[ Deleted ]══════════════════════════════════╗"
"║                                                                              ║"
"║                             Team preset removed.                             ║"
"║                                                                              ║"
"║                            Press Enter to return.                            ║"
"║                                                                              ║"
"║                                                                              ║"
"║                                                                              ║"
"║                                                                              ║"
"║                                                                              ║"
"║                                                                              ║"
"║                                                                              ║"
"║                                                                              ║"
"║                                                                              ║"
"║                                                                              ║"
"║                                                                              ║"
"║                                                                              ║"
"║                                                                              ║"
"╚══════════════════════════════════════════════════════════════════════════════╝"
"                                 [Enter] return                                 "
"                                                                                "
