---
source: src/tui/snapshot_tests/interaction_terminator.rs
expression: terminal.backend()
---
"┌─ agent agent  ·  model default  ·  #42 ──────────────────────────────────────────────────────────────────────────────┐"
"└──────────────────────────────────────────────────────────────────────────────────────────────────────────────────────┘"
" ╭─ sys · HH:MM ──────────────────────────────────────────────────────────────────────────────────────────────────────╮ "
" │ PR #7 created → finishing session and wiping worktree…                                                             │ "
" ╰────────────────────────────────────────────────────────────────────────────────────────────────────────────────────╯ "
"                                                                                                                        "
" ╭─ sys · HH:MM ──────────────────────────────────────────────────────────────────────────────────────────────────────╮ "
" │ worktree teardown failed: worktree path still exists after teardown: /tmp/maestro/issue-42; manual cleanup: git    │ "
" │ worktree remove /tmp/maestro/issue-42                                                                              │ "
" ╰────────────────────────────────────────────────────────────────────────────────────────────────────────────────────╯ "
"                                                                                                                        "
"                                                                                                                        "
"                                                                                                                        "
"                                                                                                                        "
"                                                                                                                        "
"                                                                                                                        "
"                                                                                                                        "
"                                                                                                                        "
"                                                                                                                        "
"                                                                                                                        "
"                                                                                                                        "
"                                                                                                                        "
"                                                                                                                        "
"                                                                                                                        "
"                                                                                                                        "
"                                                                                                                        "
"                                                                                                                        "
"                                                                                                                        "
"                                                                                                                        "
"                                                                                                                        "
"                                                                                                                        "
"                                                                                                                        "
"                                                                                                                        "
"                                                                                                                        "
"─ [Enter] Send  [Shift+Enter] Newline  [Ctrl+P] /pushup (off)  [Ctrl+L] Clear input  [Ctrl+W] Quit  [Esc] Back  [Up/Down"
"╔════════════════════════════════════════════════════[ Terminated ]════════════════════════════════════════════════════╗"
"║                        Session terminated (agent failure). Press any key to return to Issues.                        ║"
"║                                                                                                                      ║"
"║                                                                                                                      ║"
"╚══════════════════════════════════════════════════════════════════════════════════════════════════════════════════════╝"
