---
source: src/tui/snapshot_tests/landing.rs
expression: terminal.backend()
---
"                                                                                "
"                                                                                "
"                   __  __    _    _____ ____ _____ ____   ___                   "
"                  |  \/  |  / \  | ____/ ___|_   _|  _ \ / _ \                  "
"                 | |\/| | / _ \ |  _| \___ \ | | | |_) | | | |                  "
"                 | |  | |/ ___ \| |___ ___) || | |  _ <| |_| |                  "
"                  |_|  |_/_/   \_\_____|____/ |_| |_| \_\\___/                  "
"                                    v0.30.0                                     "
"                                                                                "
"                 [d]  Dashboard           [r]  Roadmap                          "
"                 [i]  Create Issue        [h]  Milestone Review                 "
"                 [m]  Create Milestone    [t]  Teams                            "
"                 [s]  Project Stats       [q]  Quit                             "
"                 [p]  PRD                                                       "
"                                                                                "
"  ╔════════════════════════[ What's New in v0.30.0 ]═════════════════════════╗  "
"  ║  [Added] Interactive iteration sessions — launch an issue in Interaction…║  "
"  ║  [Added] Provider-routed interaction turns — interactive follow-ups rout…║  "
"  ║  [Added] Native in-session diff reviewer (gitui-derived) — review the se…║  "
"  ║  [Added] Interaction transcript redesign — opencode-style bordered messa…║  "
"  ╚════════════════════ Press [n] for full release notes ════════════════════╝  "
"                                                                                "
"                 <q> quit  <n> notes                                            "
"                                                                                "
