---
source: src/tui/snapshot_tests/roadmap.rs
assertion_line: 76
expression: terminal.backend()
---
"┌ Roadmap (0 milestones, no filters) ──────────────────────────────────────────┐"
"│                                                                              │"
"└──────────────────────────────────────────────────────────────────────────────┘"
"╔═════════════════════════════════[ Roadmap ]══════════════════════════════════╗"
"║                                                                              ║"
"║                                                                              ║"
"║                                                                              ║"
"║                                                                              ║"
"║                      ⠸ Fetching milestones from GitHub…                      ║"
"║                                                                              ║"
"║                                                                              ║"
"║                                                                              ║"
"║                                                                              ║"
"║                                                                              ║"
"╚══════════════════════════════════════════════════════════════════════════════╝"
"┌──────────────────────────────────────────────────────────────────────────────┐"
"│[↑↓] move  [Enter] expand/collapse  [r] refresh  [/] filter label  [a] filter │"
"└──────────────────────────────────────────────────────────────────────────────┘"
