---
source: src/tui/snapshot_tests/landing.rs
expression: terminal.backend()
---
"                                                                                                                                                                                    "
"                                                            ███╗   ███╗ █████╗ ███████╗███████╗████████╗██████╗  ██████╗                                                            "
"                                                           ████╗ ████║██╔══██╗██╔════╝██╔════╝╚══██╔══╝██╔══██╗██╔═══██╗                                                            "
"                                                           ██╔████╔██║███████║█████╗  ███████╗   ██║   ██████╔╝██║   ██║                                                            "
"                                                           ██║╚██╔╝██║██╔══██║██╔══╝  ╚════██║   ██║   ██╔══██╗██║   ██║                                                            "
"                                                           ██║ ╚═╝ ██║██║  ██║███████╗███████║   ██║   ██║  ██║╚██████╔╝                                                            "
"                                                            ╚═╝     ╚═╝╚═╝  ╚═╝╚══════╝╚══════╝   ╚═╝   ╚═╝  ╚═╝ ╚═════╝                                                            "
"                                                                                      v0.25.0                                                                                       "
"                                                                                                                                                                                    "
"                                                                   [d]  Dashboard           [p]  PRD                                                                                "
"                                                                   [i]  Create Issue        [r]  Roadmap                                                                            "
"                                                                   [m]  Create Milestone    [h]  Milestone Review                                                                   "
"                                                                   [s]  Project Stats       [q]  Quit                                                                               "
"                                                                                                                                                                                    "
"╔═══════════════════════════════════════════════════════════════════════════[ Release Console v0.25.0 ]════════════════════════════════════════════════════════════════════════════╗"
"║ changes 14   refs 14   categories 2   date 2026-05-06                                                                                                                            ║"
"║                                                                                                                                                                                  ║"
"║┌Internet───────────────────────────────────────────────────────────────────────────────────────────────────────────────┐┌Link───────────────────────────────────────────────────┐║"
"║│                                                                                                                       ││state standby                                          │║"
"║│                                                                                                                       ││press [w] measure                                      │║"
"║│                                                                                                                       ││mode  manual                                           │║"
"║│⣀⣀⣀⣀⣀⣀⣀⣀⣀⣀⣀⣀⣀⣀⣀⣀⣀⣀⣀⣀⣀⣀⣀⣀⣀⣀⣀⣀⣀⣀⣀⣀⣀⣀⣀⣀⣀⣀⣀⣀⣀⣀⣀⣀⣀⣀⣀⣀⣀⣀⣀⣀⣀⣀⣀⣀⣀⣀⣀⣀⣀⣀⣀⣀⣀⣀⣀⣀⣀⣀⣀⣀⣀⣀⣀⣀⣀⣀⣀⣀⣀⣀⣀⣀⣀⣀⣀⣀⣀⣀⣀⣀⣀⣀⣀⣀⣀⣀⣀⣀⣀⣀⣀⣀⣀⣀⣀⣀⣀⣀⣀⣀⣀⣀⣀⣀⣀⣀⣀││sample paused                                          │║"
"║│                                                                                                                       ││                                                       │║"
"║│                                                                                                                       ││                                                       │║"
"║│                                                                                                                       ││                                                       │║"
"║│                                                                                                                       ││                                                       │║"
"║└───────────────────────────────────────────────────────────────────────────────────────────────────────────────────────┘└───────────────────────────────────────────────────────┘║"
"║┌Mix───────────────────────────────────────────────────────────────────────────┐┌Ref Trend───────────────────────────────────────────────────────────────────────────────────────┐║"
"║│███                                                                           ││     ▁      █                                                                                   │║"
"║│███                                                                           ││▇    █      █                                                                                   │║"
"║│███                                                                           ││█   ▇█      █                                                                                   │║"
"║│███                                                                           ││█  ▇██ ▇    █         ▅                                                                         │║"
"║│███                                                                           ││█ ▂███ █  █ █      █▄ █                                                                         │║"
"║│13█             ▃1▃                                                           ││█▂████ █ ██▆█▄     ██ █                                                                         │║"
"║│Add Fix Chg Per Doc                                                           ││████████▄██████ ▆ ███▂█                                                                         │║"
"║└──────────────────────────────────────────────────────────────────────────────┘└────────────────────────────────────────────────────────────────────────────────────────────────┘║"
"║┌Highlights──────────────────────────────────────────────────────────────────────────────────────────────────────────────────────────────────────────────────────────────────────┐║"
"║│  [Added] feat: extract OpenAiCompatibleSseParser at Level 1 (#652)                                                                                                             │║"
"║│  [Added] spike: OpenCode `--format json` schema research (#651)                                                                                                                │║"
"║│  [Added] spike: Qwen Code CLI output format (#650)                                                                                                                             │║"
"║│  [Added] feat(agent): add OpenCodeProvider for 75+ AI backend sessions (#617)                                                                                                  │║"
"║│                                                                                                                                                                                │║"
"║└────────────────────────────────────────────────────────────────────────────────────────────────────────────────────────────────────────────────────────────────────────────────┘║"
"╚════════════════════════════════════════════════════════════════════════ Press [n] for full release notes ════════════════════════════════════════════════════════════════════════╝"
"                                                                                                                                                                                    "
"<q> quit  <n> notes  <w> net                                                                                                                                                        "
"                                                                                                                                                                                    "
"                                                                                                                                                                                    "
