---
source: src/tui/snapshot_tests/milestone_wizard.rs
expression: terminal.backend()
---
"╔═════════════════════════════════════════════[ Step 4/9: AI Structuring ]═════════════════════════════════════════════╗"
"║                                                                                                                      ║"
"╚══════════════════════════════════════════════════════════════════════════════════════════════════════════════════════╝"
"╔══════════════════════════════════════════════════[ AI structuring ]══════════════════════════════════════════════════╗"
"║                                                                                                                      ║"
"║                                            ⠸ AI is structuring your goals…                                           ║"
"║                                                                                                                      ║"
"║                                                                                                                      ║"
"║                                                                                                                      ║"
"║                                                                                                                      ║"
"║                                                                                                                      ║"
"║                                                                                                                      ║"
"║                                                                                                                      ║"
"║                                                                                                                      ║"
"║                                                                                                                      ║"
"║                                                                                                                      ║"
"║                                                                                                                      ║"
"║                                                                                                                      ║"
"║                                                                                                                      ║"
"║                                                                                                                      ║"
"║                                                                                                                      ║"
"║                                                                                                                      ║"
"║                                                                                                                      ║"
"║                                                                                                                      ║"
"║                                                                                                                      ║"
"║                                                                                                                      ║"
"║                                                                                                                      ║"
"║                                                                                                                      ║"
"║                                                                                                                      ║"
"║                                                                                                                      ║"
"║                                                                                                                      ║"
"║                                                                                                                      ║"
"║                                                                                                                      ║"
"║                                                                                                                      ║"
"║                                                                                                                      ║"
"║                                                                                                                      ║"
"║                                                                                                                      ║"
"╚══════════════════════════════════════════════════════════════════════════════════════════════════════════════════════╝"
"                                            AI is still working — please wait                                           "
"                                      [Enter] launch/continue AI plan   [Esc] back                                      "
