---
source: src/tui/snapshot_tests/team_wizard.rs
expression: t.backend()
---
"╔════════════════════[ Step 1/7: Team ]════════════════════╗"
"║                                                          ║"
"╚══════════════════════════════════════════════════════════╝"
"╔═════════════════════[ Team Picker ]══════════════════════╗"
"║Pick a team                                               ║"
"║ > default-coder                                          ║"
"║                                                          ║"
"║                                                          ║"
"║                                                          ║"
"║                                                          ║"
"║                                                          ║"
"║                                                          ║"
"║                                                          ║"
"║                                                          ║"
"║                                                          ║"
"║                                                          ║"
"║                                                          ║"
"╚══════════════════════════════════════════════════════════╝"
"                        Select a team                       "
"        [↑/↓ j/k] pick   [Enter] choose   [Esc] back        "
