---
source: src/tui/snapshot_tests/settings_teams_warnings_parity.rs
expression: rendered
---
Buffer {
    area: Rect { x: 0, y: 0, width: 80, height: 24 },
    content: [
        "╔═════════════════════════════════[ Settings ]═════════════════════════════════╗",
        "║Search: press /   │entries:                                                   ║",
        "║──────────────────│ worker-pool                                               ║",
        "║  Advanced        │                                                           ║",
        "║  Providers       │teams.worker-pool.extends:                                 ║",
        "║  Budget          │teams.worker-pool.primitive:  pipeline                   ║",
        "║  Flags           │teams.worker-pool.min_agents:                              ║",
        "║  Gates           │  claude                                                   ║",
        "║  GitHub          │teams.worker-pool.bindings:                                ║",
        "║  Layout          │  implementer=claude                                       ║",
        "║  Modes           │teams.worker-pool.role_overrides: (1 entry — focus to edit)║",
        "║  Notifications   │                                                           ║",
        "║  Project         │                                                           ║",
        "║  Review          │                                                           ║",
        "║  Sessions        │                                                           ║",
        "║▸ Teams           │                                                           ║",
        "║  Theme           │                                                           ║",
        "║  TurboQuant      │                                                           ║",
        "║                  │                                                           ║",
        "║                  │                                                           ║",
        "║                  │                                                           ║",
        "║                  │                                                           ║",
        "║[Tab] Tab  [↑/↓] Field  [a/d] Add/Del  [[ ]] Prev/Next  [Ctrl+s] Save  [Esc] B║",
        "╚══════════════════════════════════════════════════════════════════════════════╝",
    ],
    styles: [
        x: 0, y: 0, fg: Green, bg: Reset, underline: Reset, modifier: NONE,
        x: 34, y: 0, fg: Yellow, bg: Reset, underline: Reset, modifier: BOLD,
        x: 46, y: 0, fg: Green, bg: Reset, underline: Reset, modifier: NONE,
        x: 1, y: 1, fg: DarkGray, bg: Reset, underline: Reset, modifier: NONE,
        x: 9, y: 1, fg: DarkGray, bg: Reset, underline: Reset, modifier: DIM,
        x: 16, y: 1, fg: Reset, bg: Reset, underline: Reset, modifier: NONE,
        x: 19, y: 1, fg: DarkGray, bg: Reset, underline: Reset, modifier: NONE,
        x: 20, y: 1, fg: DarkGray, bg: Reset, underline: Reset, modifier: BOLD,
        x: 28, y: 1, fg: Reset, bg: Reset, underline: Reset, modifier: NONE,
        x: 79, y: 1, fg: Green, bg: Reset, underline: Reset, modifier: NONE,
        x: 1, y: 2, fg: DarkGray, bg: Reset, underline: Reset, modifier: NONE,
        x: 20, y: 2, fg: Reset, bg: Reset, underline: Reset, modifier: NONE,
        x: 21, y: 2, fg: Black, bg: Cyan, underline: Reset, modifier: BOLD,
        x: 32, y: 2, fg: Reset, bg: Reset, underline: Reset, modifier: NONE,
        x: 79, y: 2, fg: Green, bg: Reset, underline: Reset, modifier: NONE,
        x: 1, y: 3, fg: DarkGray, bg: Reset, underline: Reset, modifier: NONE,
        x: 11, y: 3, fg: Reset, bg: Reset, underline: Reset, modifier: NONE,
        x: 19, y: 3, fg: DarkGray, bg: Reset, underline: Reset, modifier: NONE,
        x: 20, y: 3, fg: Reset, bg: Reset, underline: Reset, modifier: NONE,
        x: 79, y: 3, fg: Green, bg: Reset, underline: Reset, modifier: NONE,
        x: 1, y: 4, fg: DarkGray, bg: Reset, underline: Reset, modifier: NONE,
        x: 12, y: 4, fg: Reset, bg: Reset, underline: Reset, modifier: NONE,
        x: 19, y: 4, fg: DarkGray, bg: Reset, underline: Reset, modifier: NONE,
        x: 20, y: 4, fg: White, bg: Reset, underline: Reset, modifier: NONE,
        x: 47, y: 4, fg: Reset, bg: Reset, underline: Reset, modifier: NONE,
        x: 79, y: 4, fg: Green, bg: Reset, underline: Reset, modifier: NONE,
        x: 1, y: 5, fg: DarkGray, bg: Reset, underline: Reset, modifier: NONE,
        x: 9, y: 5, fg: Reset, bg: Reset, underline: Reset, modifier: NONE,
        x: 19, y: 5, fg: DarkGray, bg: Reset, underline: Reset, modifier: NONE,
        x: 20, y: 5, fg: White, bg: Reset, underline: Reset, modifier: NONE,
        x: 49, y: 5, fg: DarkGray, bg: Reset, underline: Reset, modifier: NONE,
        x: 61, y: 5, fg: Reset, bg: Reset, underline: Reset, modifier: NONE,
        x: 79, y: 5, fg: Green, bg: Reset, underline: Reset, modifier: NONE,
        x: 1, y: 6, fg: DarkGray, bg: Reset, underline: Reset, modifier: NONE,
        x: 8, y: 6, fg: Reset, bg: Reset, underline: Reset, modifier: NONE,
        x: 19, y: 6, fg: DarkGray, bg: Reset, underline: Reset, modifier: NONE,
        x: 20, y: 6, fg: White, bg: Reset, underline: Reset, modifier: NONE,
        x: 49, y: 6, fg: Reset, bg: Reset, underline: Reset, modifier: NONE,
        x: 79, y: 6, fg: Green, bg: Reset, underline: Reset, modifier: NONE,
        x: 1, y: 7, fg: DarkGray, bg: Reset, underline: Reset, modifier: NONE,
        x: 8, y: 7, fg: Reset, bg: Reset, underline: Reset, modifier: NONE,
        x: 19, y: 7, fg: DarkGray, bg: Reset, underline: Reset, modifier: NONE,
        x: 20, y: 7, fg: White, bg: Reset, underline: Reset, modifier: NONE,
        x: 28, y: 7, fg: Reset, bg: Reset, underline: Reset, modifier: NONE,
        x: 79, y: 7, fg: Green, bg: Reset, underline: Reset, modifier: NONE,
        x: 1, y: 8, fg: DarkGray, bg: Reset, underline: Reset, modifier: NONE,
        x: 9, y: 8, fg: Reset, bg: Reset, underline: Reset, modifier: NONE,
        x: 19, y: 8, fg: DarkGray, bg: Reset, underline: Reset, modifier: NONE,
        x: 20, y: 8, fg: White, bg: Reset, underline: Reset, modifier: NONE,
        x: 47, y: 8, fg: Reset, bg: Reset, underline: Reset, modifier: NONE,
        x: 79, y: 8, fg: Green, bg: Reset, underline: Reset, modifier: NONE,
        x: 1, y: 9, fg: DarkGray, bg: Reset, underline: Reset, modifier: NONE,
        x: 9, y: 9, fg: Reset, bg: Reset, underline: Reset, modifier: NONE,
        x: 19, y: 9, fg: DarkGray, bg: Reset, underline: Reset, modifier: NONE,
        x: 20, y: 9, fg: White, bg: Reset, underline: Reset, modifier: NONE,
        x: 40, y: 9, fg: Reset, bg: Reset, underline: Reset, modifier: NONE,
        x: 79, y: 9, fg: Green, bg: Reset, underline: Reset, modifier: NONE,
        x: 1, y: 10, fg: DarkGray, bg: Reset, underline: Reset, modifier: NONE,
        x: 8, y: 10, fg: Reset, bg: Reset, underline: Reset, modifier: NONE,
        x: 19, y: 10, fg: DarkGray, bg: Reset, underline: Reset, modifier: NONE,
        x: 20, y: 10, fg: DarkGray, bg: Reset, underline: Reset, modifier: BOLD,
        x: 54, y: 10, fg: DarkGray, bg: Reset, underline: Reset, modifier: NONE,
        x: 79, y: 10, fg: Green, bg: Reset, underline: Reset, modifier: NONE,
        x: 1, y: 11, fg: DarkGray, bg: Reset, underline: Reset, modifier: NONE,
        x: 16, y: 11, fg: Reset, bg: Reset, underline: Reset, modifier: NONE,
        x: 19, y: 11, fg: DarkGray, bg: Reset, underline: Reset, modifier: NONE,
        x: 20, y: 11, fg: Reset, bg: Reset, underline: Reset, modifier: NONE,
        x: 79, y: 11, fg: Green, bg: Reset, underline: Reset, modifier: NONE,
        x: 1, y: 12, fg: DarkGray, bg: Reset, underline: Reset, modifier: NONE,
        x: 10, y: 12, fg: Reset, bg: Reset, underline: Reset, modifier: NONE,
        x: 19, y: 12, fg: DarkGray, bg: Reset, underline: Reset, modifier: NONE,
        x: 20, y: 12, fg: Reset, bg: Reset, underline: Reset, modifier: NONE,
        x: 79, y: 12, fg: Green, bg: Reset, underline: Reset, modifier: NONE,
        x: 1, y: 13, fg: DarkGray, bg: Reset, underline: Reset, modifier: NONE,
        x: 9, y: 13, fg: Reset, bg: Reset, underline: Reset, modifier: NONE,
        x: 19, y: 13, fg: DarkGray, bg: Reset, underline: Reset, modifier: NONE,
        x: 20, y: 13, fg: Reset, bg: Reset, underline: Reset, modifier: NONE,
        x: 79, y: 13, fg: Green, bg: Reset, underline: Reset, modifier: NONE,
        x: 1, y: 14, fg: DarkGray, bg: Reset, underline: Reset, modifier: NONE,
        x: 11, y: 14, fg: Reset, bg: Reset, underline: Reset, modifier: NONE,
        x: 19, y: 14, fg: DarkGray, bg: Reset, underline: Reset, modifier: NONE,
        x: 20, y: 14, fg: Reset, bg: Reset, underline: Reset, modifier: NONE,
        x: 79, y: 14, fg: Green, bg: Reset, underline: Reset, modifier: NONE,
        x: 1, y: 15, fg: Black, bg: Cyan, underline: Reset, modifier: BOLD | REVERSED,
        x: 19, y: 15, fg: DarkGray, bg: Reset, underline: Reset, modifier: NONE,
        x: 20, y: 15, fg: Reset, bg: Reset, underline: Reset, modifier: NONE,
        x: 79, y: 15, fg: Green, bg: Reset, underline: Reset, modifier: NONE,
        x: 1, y: 16, fg: DarkGray, bg: Reset, underline: Reset, modifier: NONE,
        x: 8, y: 16, fg: Reset, bg: Reset, underline: Reset, modifier: NONE,
        x: 19, y: 16, fg: DarkGray, bg: Reset, underline: Reset, modifier: NONE,
        x: 20, y: 16, fg: Reset, bg: Reset, underline: Reset, modifier: NONE,
        x: 79, y: 16, fg: Green, bg: Reset, underline: Reset, modifier: NONE,
        x: 1, y: 17, fg: DarkGray, bg: Reset, underline: Reset, modifier: NONE,
        x: 13, y: 17, fg: Reset, bg: Reset, underline: Reset, modifier: NONE,
        x: 19, y: 17, fg: DarkGray, bg: Reset, underline: Reset, modifier: NONE,
        x: 20, y: 17, fg: Reset, bg: Reset, underline: Reset, modifier: NONE,
        x: 79, y: 17, fg: Green, bg: Reset, underline: Reset, modifier: NONE,
        x: 1, y: 18, fg: Reset, bg: Reset, underline: Reset, modifier: NONE,
        x: 19, y: 18, fg: DarkGray, bg: Reset, underline: Reset, modifier: NONE,
        x: 20, y: 18, fg: Reset, bg: Reset, underline: Reset, modifier: NONE,
        x: 79, y: 18, fg: Green, bg: Reset, underline: Reset, modifier: NONE,
        x: 1, y: 19, fg: Reset, bg: Reset, underline: Reset, modifier: NONE,
        x: 19, y: 19, fg: DarkGray, bg: Reset, underline: Reset, modifier: NONE,
        x: 20, y: 19, fg: Reset, bg: Reset, underline: Reset, modifier: NONE,
        x: 79, y: 19, fg: Green, bg: Reset, underline: Reset, modifier: NONE,
        x: 1, y: 20, fg: Reset, bg: Reset, underline: Reset, modifier: NONE,
        x: 19, y: 20, fg: DarkGray, bg: Reset, underline: Reset, modifier: NONE,
        x: 20, y: 20, fg: Reset, bg: Reset, underline: Reset, modifier: NONE,
        x: 79, y: 20, fg: Green, bg: Reset, underline: Reset, modifier: NONE,
        x: 1, y: 21, fg: Reset, bg: Reset, underline: Reset, modifier: NONE,
        x: 19, y: 21, fg: DarkGray, bg: Reset, underline: Reset, modifier: NONE,
        x: 20, y: 21, fg: Reset, bg: Reset, underline: Reset, modifier: NONE,
        x: 79, y: 21, fg: Green, bg: Reset, underline: Reset, modifier: NONE,
        x: 6, y: 22, fg: Reset, bg: Reset, underline: Reset, modifier: NONE,
        x: 12, y: 22, fg: Green, bg: Reset, underline: Reset, modifier: NONE,
        x: 17, y: 22, fg: Reset, bg: Reset, underline: Reset, modifier: NONE,
        x: 25, y: 22, fg: Green, bg: Reset, underline: Reset, modifier: NONE,
        x: 30, y: 22, fg: Reset, bg: Reset, underline: Reset, modifier: NONE,
        x: 40, y: 22, fg: Green, bg: Reset, underline: Reset, modifier: NONE,
        x: 45, y: 22, fg: Reset, bg: Reset, underline: Reset, modifier: NONE,
        x: 57, y: 22, fg: Green, bg: Reset, underline: Reset, modifier: NONE,
        x: 65, y: 22, fg: Reset, bg: Reset, underline: Reset, modifier: NONE,
        x: 72, y: 22, fg: Green, bg: Reset, underline: Reset, modifier: NONE,
        x: 77, y: 22, fg: Reset, bg: Reset, underline: Reset, modifier: NONE,
        x: 79, y: 22, fg: Green, bg: Reset, underline: Reset, modifier: NONE,
    ]
}
