---
source: src/tui/snapshot_tests/team_wizard.rs
expression: t.backend()
---
"╔═════════════════════════[ Step 7/7: Launch Failed ]══════════════════════════╗"
"║                                                                              ║"
"╚══════════════════════════════════════════════════════════════════════════════╝"
"╔══════════════════════════════[ Launch Failed ]═══════════════════════════════╗"
"║                                                                              ║"
"║                                dispatch error                                ║"
"║                                                                              ║"
"║                            Press Enter to return.                            ║"
"║                                                                              ║"
"║                                                                              ║"
"║                                                                              ║"
"║                                                                              ║"
"║                                                                              ║"
"║                                                                              ║"
"║                                                                              ║"
"║                                                                              ║"
"║                                                                              ║"
"║                                                                              ║"
"║                                                                              ║"
"║                                                                              ║"
"║                                                                              ║"
"╚══════════════════════════════════════════════════════════════════════════════╝"
"                             [r] retry   [Esc] back                             "
"                                                                                "
