---
source: src/tui/snapshot_tests/team_wizard.rs
expression: t.backend()
---
"╔═════════════════════════════[ Step 3/7: Roles ]══════════════════════════════╗"
"║                                                                              ║"
"╚══════════════════════════════════════════════════════════════════════════════╝"
"╔══════════════════════════════════[ Roles ]═══════════════════════════════════╗"
"║Roles to bind                          Healthy agents                         ║"
"║ > implementer (unbound)                > claude                              ║"
"║   reviewer (unbound)                                                         ║"
"║   docs (unbound)                                                             ║"
"║                                                                              ║"
"║                                                                              ║"
"║                                                                              ║"
"║                                                                              ║"
"║                                                                              ║"
"║                                                                              ║"
"║                                                                              ║"
"║                                                                              ║"
"║                                                                              ║"
"║                                                                              ║"
"║                                                                              ║"
"║                                                                              ║"
"║                                                                              ║"
"╚══════════════════════════════════════════════════════════════════════════════╝"
"                            Bind every required role                            "
"   [↑/↓ j/k] role   [←/→ h/l] agent   [Space] bind   [Enter] next   [Esc] back  "
