---
source: src/tui/snapshot_tests/overview.rs
expression: terminal.backend()
---
"┌ #1 — Add login flow ─────────────────┐┌ #2 — Fix database crash ─────────────┐┌ #3 — Add logout endpoint ────────────┐"
"│▶ RUNNING 2m30s                       ││✅ COMPLETED 2m30s                    ││❌ ERRORED 2m30s                      │" Hidden by multi-width symbols: [(42, " "), (82, " ")]
"│$0.12  0 files                        ││$0.50  0 files                        ││$0.03  0 files                        │"
"│█████████████                         ││█████████████                         ││█████████████                         │"
"│█████████████  ctx: 35%               ││█████████████  ctx: 35%               ││█████████████  ctx: 35%               │"
"│> _ Writing tests                     ││> Writing tests                       ││> _ Writing tests                     │"
"│Analyzing codebase...                 ││Analyzing codebase...                 ││Analyzing codebase...                 │"
"│                                      ││                                      ││                                      │"
"│                                      ││                                      ││                                      │"
"│                                      ││                                      ││                                      │"
"│                                      ││                                      ││                                      │"
"│                                      ││                                      ││                                      │"
"│                                      ││                                      ││                                      │"
"│                                      ││                                      ││                                      │"
"│                                      ││                                      ││                                      │"
"│                                      ││                                      ││                                      │"
"│                                      ││                                      ││                                      │"
"│                                      ││                                      ││                                      │"
"│                                      ││                                      ││                                      │"
"│                                      ││                                      ││                                      │"
"│                                      ││                                      ││                                      │"
"│                                      ││                                      ││                                      │"
"│                                      ││                                      ││                                      │"
"│                                      ││                                      ││                                      │"
"│                                      ││                                      ││                                      │"
"│                                      ││                                      ││                                      │"
"│                                      ││                                      ││                                      │"
"│                                      ││                                      ││                                      │"
"│                                      ││                                      ││                                      │"
"│                                      ││                                      ││                                      │"
"│                                      ││                                      ││                                      │"
"│                                      ││                                      ││                                      │"
"│                                      ││                                      ││                                      │"
"│                                      ││                                      ││                                      │"
"│                                      ││                                      ││                                      │"
"│                                      ││                                      ││                                      │"
"│                                      ││                                      ││                                      │"
"│                                      ││                                      ││                                      │"
"│                                      ││                                      ││                                      │"
"└──────────────────────────────────────┘└──────────────────────────────────────┘└──────────────────────────────────────┘"
