---
source: src/tui/snapshot_tests/milestone_wizard.rs
expression: terminal.backend()
---
"╔════════════════════════════════════════════════[ Step 8/9: Complete ]════════════════════════════════════════════════╗"
"║                                                                                                                      ║"
"╚══════════════════════════════════════════════════════════════════════════════════════════════════════════════════════╝"
"╔═════════════════════════════════════════════════════[ Complete ]═════════════════════════════════════════════════════╗"
"║Milestone #7 created                                                                                                  ║"
"║  • #101                                                                                                              ║"
"║  • #102                                                                                                              ║"
"║                                                                                                                      ║"
"║Press Enter to return to Landing.                                                                                     ║"
"║                                                                                                                      ║"
"║                                                                                                                      ║"
"║                                                                                                                      ║"
"║                                                                                                                      ║"
"║                                                                                                                      ║"
"║                                                                                                                      ║"
"║                                                                                                                      ║"
"║                                                                                                                      ║"
"║                                                                                                                      ║"
"║                                                                                                                      ║"
"║                                                                                                                      ║"
"║                                                                                                                      ║"
"║                                                                                                                      ║"
"║                                                                                                                      ║"
"║                                                                                                                      ║"
"║                                                                                                                      ║"
"║                                                                                                                      ║"
"║                                                                                                                      ║"
"║                                                                                                                      ║"
"║                                                                                                                      ║"
"║                                                                                                                      ║"
"║                                                                                                                      ║"
"║                                                                                                                      ║"
"║                                                                                                                      ║"
"║                                                                                                                      ║"
"║                                                                                                                      ║"
"║                                                                                                                      ║"
"║                                                                                                                      ║"
"╚══════════════════════════════════════════════════════════════════════════════════════════════════════════════════════╝"
"                                                [Enter] return to Landing                                               "
"                                                                                                                        "
