---
source: src/tui/snapshot_tests/landing.rs
expression: terminal.backend()
---
"                                                                                                                        "
"                                                                                                                        "
"                                                                                                                        "
"                                                                                                                        "
"                                                                                                                        "
"                                                                                                                        "
"                              ███╗   ███╗ █████╗ ███████╗███████╗████████╗██████╗  ██████╗                              "
"                             ████╗ ████║██╔══██╗██╔════╝██╔════╝╚══██╔══╝██╔══██╗██╔═══██╗                              "
"                             ██╔████╔██║███████║█████╗  ███████╗   ██║   ██████╔╝██║   ██║                              "
"                             ██║╚██╔╝██║██╔══██║██╔══╝  ╚════██║   ██║   ██╔══██╗██║   ██║                              "
"                             ██║ ╚═╝ ██║██║  ██║███████╗███████║   ██║   ██║  ██║╚██████╔╝                              "
"                              ╚═╝     ╚═╝╚═╝  ╚═╝╚══════╝╚══════╝   ╚═╝   ╚═╝  ╚═╝ ╚═════╝                              "
"                                                        v0.25.1                                                         "
"                                                                                                                        "
"                                     [d]  Dashboard           [p]  PRD                                                  "
"                                     [i]  Create Issue        [r]  Roadmap                                              "
"                                     [m]  Create Milestone    [h]  Milestone Review                                     "
"                                     [s]  Project Stats       [q]  Quit                                                 "
"                                                                                                                        "
"            ╔══════════════════════════════════[ What's New in v0.25.1 ]═══════════════════════════════════╗            "
"            ║  [Added] ci(quality): add cargo-dupes code duplication gate to CI pipeline (#620)            ║            "
"            ║  [Fixed] fix: make release script resilient to protected-branch release PR edge cases (#685) ║            "
"            ║                                                                                              ║            "
"            ║                                                                                              ║            "
"            ╚══════════════════════════════ Press [n] for full release notes ══════════════════════════════╝            "
"                                                                                                                        "
"                                     <q> quit  <n> notes                                                                "
"                                                                                                                        "
"                                                                                                                        "
"                                                                                                                        "
"                                                                                                                        "
"                                                                                                                        "
"                                                                                                                        "
"                                                                                                                        "
"                                                                                                                        "
"                                                                                                                        "
"                                                                                                                        "
"                                                                                                                        "
"                                                                                                                        "
"                                                                                                                        "
