---
source: src/tui/widgets/empty_state.rs
assertion_line: 118
expression: "render_state(EmptyState::idle(\"Recent Activity\", \"No recent sessions.\",\n\"Press [r] to launch one.\",))?"
---
"╔═════════[ Recent Activity ]══════════╗"
"║                                      ║"
"║                                      ║"
"║          No recent sessions.         ║"
"║       Press [r] to launch one.       ║"
"║                                      ║"
"║                                      ║"
"╚══════════════════════════════════════╝"
